 Assignment 7

 Timestamp is 5df1b373 (Wed Dec 11 21:26:43 2019)

 Preferred load address is 00400000

 Start         Length     Name                   Class
 0001:00000000 00010000H .textbss                DATA
 0002:00000000 000031d0H .text$di                CODE
 0002:000031d0 0001a3c0H .text$mn                CODE
 0002:0001d590 00003d30H .text$x                 CODE
 0002:000212c0 00001012H .text$yd                CODE
 0003:00000000 00000104H .CRT$XCA                DATA
 0003:00000104 00000104H .CRT$XCAA               DATA
 0003:00000208 00000104H .CRT$XCL                DATA
 0003:0000030c 00000104H .CRT$XCZ                DATA
 0003:00000410 00000104H .CRT$XIA                DATA
 0003:00000514 00000104H .CRT$XIAA               DATA
 0003:00000618 00000104H .CRT$XIAC               DATA
 0003:0000071c 00000104H .CRT$XIZ                DATA
 0003:00000820 00000104H .CRT$XPA                DATA
 0003:00000924 00000104H .CRT$XPZ                DATA
 0003:00000a28 00000104H .CRT$XTA                DATA
 0003:00000b2c 00000104H .CRT$XTZ                DATA
 0003:00000c30 000023a4H .rdata                  DATA
 0003:00002fd4 00000888H .rdata$r                DATA
 0003:0000385c 00000184H .rdata$zzzdbg           DATA
 0003:000039e0 00000104H .rtc$IAA                DATA
 0003:00003ae4 0000010cH .rtc$IMZ                DATA
 0003:00003bf0 00000104H .rtc$IZZ                DATA
 0003:00003cf4 00000104H .rtc$TAA                DATA
 0003:00003df8 0000010cH .rtc$TMZ                DATA
 0003:00003f04 00000104H .rtc$TZZ                DATA
 0003:00004008 00002977H .xdata$x                DATA
 0003:0000697f 00000000H .edata                  DATA
 0004:00000000 00000144H .data                   DATA
 0004:00000144 000004bcH .data$r                 DATA
 0004:00000600 00000480H .bss                    DATA
 0005:00000000 000003acH .idata$5                DATA
 0005:000003ac 00000050H .idata$2                DATA
 0005:000003fc 00000014H .idata$3                DATA
 0005:00000410 000003acH .idata$4                DATA
 0005:000007bc 000018dfH .idata$6                DATA
 0006:00000000 0000016aH .msvcjmc                DATA
 0007:00000000 00000104H .00cfg                  DATA
 0008:00000000 00000170H .rsrc$01                DATA
 0008:00000170 000002ccH .rsrc$02                DATA

  Address         Publics by Value              Rva+Base       Lib:Object

 0000:00000000       ___guard_iat_count         00000000     <absolute>
 0000:00000000       ___safe_se_handler_count   00000000     <absolute>
 0000:00000000       ___hybrid_auxiliary_iat    00000000     <absolute>
 0000:00000000       ___guard_iat_table         00000000     <absolute>
 0000:00000000       ___safe_se_handler_table   00000000     <absolute>
 0000:00000000       ___guard_longjmp_count     00000000     <absolute>
 0000:00000000       ___hybrid_code_map         00000000     <absolute>
 0000:00000000       ___dynamic_value_reloc_table 00000000     <absolute>
 0000:00000000       ___enclave_config          00000000     <absolute>
 0000:00000000       ___guard_fids_table        00000000     <absolute>
 0000:00000000       ___AbsoluteZero            00000000     <absolute>
 0000:00000000       ___volatile_metadata       00000000     <absolute>
 0000:00000000       ___guard_fids_count        00000000     <absolute>
 0000:00000000       ___guard_longjmp_table     00000000     <absolute>
 0000:00000000       ___hybrid_code_map_count   00000000     <absolute>
 0000:00000100       ___guard_flags             00000100     <absolute>
 0000:00000000       ___ImageBase               00400000     <linker-defined>
 0001:00000000       __enc$textbss$begin        00401000     <linker-defined>
 0001:00010000       __enc$textbss$end          00411000     <linker-defined>
 0002:000031d0       ??$?0$$QAV?$basic_string@DU?$char_traits@D@std@@V?$allocator@D@2@@std@@$$Z$$V@?$pair@$$CBV?$basic_string@DU?$char_traits@D@std@@V?$allocator@D@2@@std@@PAVAccount@@@std@@QAE@Upiecewise_construct_t@1@V?$tuple@$$QAV?$basic_string@DU?$char_traits@D@std@@V?$allocator@D@2@@std@@@1@V?$tuple@$$V@1@@Z 004141d0 f i Source.obj
 0002:00003236       ??6?$basic_ostream@DU?$char_traits@D@std@@@std@@QAEAAV01@P6AAAVios_base@1@AAV21@@Z@Z 00414236 f   msvcprtd:MSVCP140D.dll
 0002:0000323c       ?setf@ios_base@std@@QAEHHH@Z 0041423c f   msvcprtd:MSVCP140D.dll
 0002:00003250       ??$?0$$V@?$_Compressed_pair@V?$allocator@D@std@@V?$_String_val@U?$_Simple_types@D@std@@@2@$00@std@@QAE@U_Zero_then_variadic_args_t@1@@Z 00414250 f i Source.obj
 0002:000032c0       ??$?0$$V@?$_Compressed_pair@V?$allocator@U?$_Tree_node@U?$pair@$$CBV?$basic_string@DU?$char_traits@D@std@@V?$allocator@D@2@@std@@PAVAccount@@@std@@PAX@std@@@std@@V?$_Tree_val@U?$_Tree_simple_types@U?$pair@$$CBV?$basic_string@DU?$char_traits@D@std@@V?$allocator@D@2@@std@@PAVAccount@@@std@@@std@@@2@$00@std@@QAE@U_Zero_then_variadic_args_t@1@@Z 004142c0 f i Source.obj
 0002:00003330       ??$?0AAPAU?$_Tree_node@U?$pair@$$CBV?$basic_string@DU?$char_traits@D@std@@V?$allocator@D@2@@std@@PAVAccount@@@std@@PAX@std@@_N$0A@@?$pair@PAU?$_Tree_node@U?$pair@$$CBV?$basic_string@DU?$char_traits@D@std@@V?$allocator@D@2@@std@@PAVAccount@@@std@@PAX@std@@_N@std@@QAE@AAPAU?$_Tree_node@U?$pair@$$CBV?$basic_string@DU?$char_traits@D@std@@V?$allocator@D@2@@std@@PAVAccount@@@std@@PAX@1@$$QA_N@Z 00414330 f i Source.obj
 0002:000033f0       ??$?0AAPAV_Facet_base@std@@@?$_Compressed_pair@U?$default_delete@V_Facet_base@std@@@std@@PAV_Facet_base@2@$00@std@@QAE@U_Zero_then_variadic_args_t@1@AAPAV_Facet_base@1@@Z 004143f0 f i Source.obj
 0002:00003460       ??$?0ABQAU?$_Tree_node@U?$pair@$$CBV?$basic_string@DU?$char_traits@D@std@@V?$allocator@D@2@@std@@PAVAccount@@@std@@PAX@std@@_N$0A@@?$pair@PAU?$_Tree_node@U?$pair@$$CBV?$basic_string@DU?$char_traits@D@std@@V?$allocator@D@2@@std@@PAVAccount@@@std@@PAX@std@@_N@std@@QAE@ABQAU?$_Tree_node@U?$pair@$$CBV?$basic_string@DU?$char_traits@D@std@@V?$allocator@D@2@@std@@PAVAccount@@@std@@PAX@1@$$QA_N@Z 00414460 f i Source.obj
 0002:00003520       ??$?0ABU?$less@V?$basic_string@DU?$char_traits@D@std@@V?$allocator@D@2@@std@@@std@@U_Zero_then_variadic_args_t@1@@?$_Compressed_pair@U?$less@V?$basic_string@DU?$char_traits@D@std@@V?$allocator@D@2@@std@@@std@@V?$_Compressed_pair@V?$allocator@U?$_Tree_node@U?$pair@$$CBV?$basic_string@DU?$char_traits@D@std@@V?$allocator@D@2@@std@@PAVAccount@@@std@@PAX@std@@@std@@V?$_Tree_val@U?$_Tree_simple_types@U?$pair@$$CBV?$basic_string@DU?$char_traits@D@std@@V?$allocator@D@2@@std@@PAVAccount@@@std@@@std@@@2@$00@2@$00@std@@QAE@U_One_then_variadic_args_t@1@ABU?$less@V?$basic_string@DU?$char_traits@D@std@@V?$allocator@D@2@@std@@@1@$$QAU_Zero_then_variadic_args_t@1@@Z 00414520 f i Source.obj
 0002:000035b0       ??$?0ABUpiecewise_construct_t@std@@V?$tuple@$$QAV?$basic_string@DU?$char_traits@D@std@@V?$allocator@D@2@@std@@@1@V?$tuple@$$V@1@@?$_Tree_temp_node@V?$allocator@U?$_Tree_node@U?$pair@$$CBV?$basic_string@DU?$char_traits@D@std@@V?$allocator@D@2@@std@@PAVAccount@@@std@@PAX@std@@@std@@@std@@QAE@AAV?$allocator@U?$_Tree_node@U?$pair@$$CBV?$basic_string@DU?$char_traits@D@std@@V?$allocator@D@2@@std@@PAVAccount@@@std@@PAX@std@@@1@PAU?$_Tree_node@U?$pair@$$CBV?$basic_string@DU?$char_traits@D@std@@V?$allocator@D@2@@std@@PAVAccount@@@std@@PAX@1@ABUpiecewise_construct_t@1@$$QAV?$tuple@$$QAV?$basic_string@DU?$char_traits@D@std@@V?$allocator@D@2@@std@@@1@$$QAV?$tuple@$$V@1@@Z 004145b0 f i Source.obj
 0002:00003720       ??$?0ABV?$allocator@D@std@@$$V@?$_Compressed_pair@V?$allocator@D@std@@V?$_String_val@U?$_Simple_types@D@std@@@2@$00@std@@QAE@U_One_then_variadic_args_t@1@ABV?$allocator@D@1@@Z 00414720 f i Source.obj
 0002:00003790       ??$?0D@?$allocator@U_Container_proxy@std@@@std@@QAE@ABV?$allocator@D@1@@Z 00414790 f i Source.obj
 0002:00003820       ??$?0PAU?$_Tree_node@U?$pair@$$CBV?$basic_string@DU?$char_traits@D@std@@V?$allocator@D@2@@std@@PAVAccount@@@std@@PAX@std@@_N$0A@@?$pair@PAU?$_Tree_node@U?$pair@$$CBV?$basic_string@DU?$char_traits@D@std@@V?$allocator@D@2@@std@@PAVAccount@@@std@@PAX@std@@_N@std@@QAE@$$QAPAU?$_Tree_node@U?$pair@$$CBV?$basic_string@DU?$char_traits@D@std@@V?$allocator@D@2@@std@@PAVAccount@@@std@@PAX@1@$$QA_N@Z 00414820 f i Source.obj
 0002:000038e0       ??$?0U?$_Tree_node@U?$pair@$$CBV?$basic_string@DU?$char_traits@D@std@@V?$allocator@D@2@@std@@PAVAccount@@@std@@PAX@std@@@?$allocator@U_Container_proxy@std@@@std@@QAE@ABV?$allocator@U?$_Tree_node@U?$pair@$$CBV?$basic_string@DU?$char_traits@D@std@@V?$allocator@D@2@@std@@PAVAccount@@@std@@PAX@std@@@1@@Z 004148e0 f i Source.obj
 0002:00003970       ??$?0U?$default_delete@V_Facet_base@std@@@std@@$0A@@?$unique_ptr@V_Facet_base@std@@U?$default_delete@V_Facet_base@std@@@2@@std@@QAE@PAV_Facet_base@1@@Z 00414970 f i Source.obj
 0002:00003a20       ??$?0U?$pair@$$CBV?$basic_string@DU?$char_traits@D@std@@V?$allocator@D@2@@std@@PAVAccount@@@std@@@?$_Tree_temp_node@V?$allocator@U?$_Tree_node@U?$pair@$$CBV?$basic_string@DU?$char_traits@D@std@@V?$allocator@D@2@@std@@PAVAccount@@@std@@PAX@std@@@std@@@std@@QAE@AAV?$allocator@U?$_Tree_node@U?$pair@$$CBV?$basic_string@DU?$char_traits@D@std@@V?$allocator@D@2@@std@@PAVAccount@@@std@@PAX@std@@@1@PAU?$_Tree_node@U?$pair@$$CBV?$basic_string@DU?$char_traits@D@std@@V?$allocator@D@2@@std@@PAVAccount@@@std@@PAX@1@$$QAU?$pair@$$CBV?$basic_string@DU?$char_traits@D@std@@V?$allocator@D@2@@std@@PAVAccount@@@1@@Z 00414a20 f i Source.obj
 0002:00003b70       ??$?0U_Exact_args_t@std@@$0A@@?$tuple@$$V@std@@QAE@U_Exact_args_t@1@@Z 00414b70 f i Source.obj
 0002:00003c00       ??$?0U_Exact_args_t@std@@V?$basic_string@DU?$char_traits@D@std@@V?$allocator@D@2@@1@$$V$0A@@?$tuple@$$QAV?$basic_string@DU?$char_traits@D@std@@V?$allocator@D@2@@std@@@std@@QAE@U_Exact_args_t@1@$$QAV?$basic_string@DU?$char_traits@D@std@@V?$allocator@D@2@@1@@Z 00414c00 f i Source.obj
 0002:00003c90       ??$?0V?$_Tree_iterator@V?$_Tree_val@U?$_Tree_simple_types@U?$pair@$$CBV?$basic_string@DU?$char_traits@D@std@@V?$allocator@D@2@@std@@PAVAccount@@@std@@@std@@@std@@@std@@AB_N$0A@@?$pair@V?$_Tree_iterator@V?$_Tree_val@U?$_Tree_simple_types@U?$pair@$$CBV?$basic_string@DU?$char_traits@D@std@@V?$allocator@D@2@@std@@PAVAccount@@@std@@@std@@@std@@@std@@_N@std@@QAE@$$QAV?$_Tree_iterator@V?$_Tree_val@U?$_Tree_simple_types@U?$pair@$$CBV?$basic_string@DU?$char_traits@D@std@@V?$allocator@D@2@@std@@PAVAccount@@@std@@@std@@@std@@@1@AB_N@Z 00414c90 f i Source.obj
 0002:00003d50       ??$?0V?$allocator@D@std@@$$V@?$_Compressed_pair@V?$allocator@D@std@@V?$_String_val@U?$_Simple_types@D@std@@@2@$00@std@@QAE@U_One_then_variadic_args_t@1@$$QAV?$allocator@D@1@@Z 00414d50 f i Source.obj
 0002:00003dc0       ??$?0V?$basic_string@DU?$char_traits@D@std@@V?$allocator@D@2@@std@@$$V$0A@@?$tuple@$$QAV?$basic_string@DU?$char_traits@D@std@@V?$allocator@D@2@@std@@@std@@QAE@$$QAV?$basic_string@DU?$char_traits@D@std@@V?$allocator@D@2@@1@@Z 00414dc0 f i Source.obj
 0002:00003e80       ??$?0V?$basic_string@DU?$char_traits@D@std@@V?$allocator@D@2@@std@@@?$_Tuple_val@$$QAV?$basic_string@DU?$char_traits@D@std@@V?$allocator@D@2@@std@@@std@@QAE@$$QAV?$basic_string@DU?$char_traits@D@std@@V?$allocator@D@2@@1@@Z 00414e80 f i Source.obj
 0002:00003ef0       ??$?0V?$basic_string@DU?$char_traits@D@std@@V?$allocator@D@2@@std@@AAPAVAccount@@$0A@@?$pair@$$CBV?$basic_string@DU?$char_traits@D@std@@V?$allocator@D@2@@std@@PAVAccount@@@std@@QAE@$$QAV?$basic_string@DU?$char_traits@D@std@@V?$allocator@D@2@@1@AAPAVAccount@@@Z 00414ef0 f i Source.obj
 0002:00003fb0       ??$?0V?$tuple@$$QAV?$basic_string@DU?$char_traits@D@std@@V?$allocator@D@2@@std@@@std@@V?$tuple@$$V@1@$0A@$$Z$S@?$pair@$$CBV?$basic_string@DU?$char_traits@D@std@@V?$allocator@D@2@@std@@PAVAccount@@@std@@QAE@AAV?$tuple@$$QAV?$basic_string@DU?$char_traits@D@std@@V?$allocator@D@2@@std@@@1@AAV?$tuple@$$V@1@U?$integer_sequence@I$0A@@1@U?$integer_sequence@I$S@1@@Z 00414fb0 f i Source.obj
 0002:00004040       ??$?6DU?$char_traits@D@std@@V?$allocator@D@1@@std@@YAAAV?$basic_ostream@DU?$char_traits@D@std@@@0@AAV10@ABV?$basic_string@DU?$char_traits@D@std@@V?$allocator@D@2@@0@@Z 00415040 f i Source.obj
 0002:000040b0       ??$?6U?$char_traits@D@std@@@std@@YAAAV?$basic_ostream@DU?$char_traits@D@std@@@0@AAV10@D@Z 004150b0 f i Source.obj
 0002:00004520       ?front@?$basic_string@DU?$char_traits@D@std@@V?$allocator@D@2@@std@@QAEAADXZ 00415520 f i Source.obj
 0002:00004640       ??$?6U?$char_traits@D@std@@@std@@YAAAV?$basic_ostream@DU?$char_traits@D@std@@@0@AAV10@PBD@Z 00415640 f i Source.obj
 0002:00004af0       ?get_allocator@?$basic_string@DU?$char_traits@D@std@@V?$allocator@D@2@@std@@QBE?AV?$allocator@D@2@XZ 00415af0 f i Source.obj
 0002:00004b70       ?monthly_update@BonusAcc@@UAEXXZ 00415b70 f i Source.obj
 0002:00004c20       ??$?8DU?$char_traits@D@std@@V?$allocator@D@1@@std@@YA_NABV?$basic_string@DU?$char_traits@D@std@@V?$allocator@D@2@@0@QBD@Z 00415c20 f i Source.obj
 0002:00004c80       ??$?MDU?$char_traits@D@std@@V?$allocator@D@1@@std@@YA_NABV?$basic_string@DU?$char_traits@D@std@@V?$allocator@D@2@@0@0@Z 00415c80 f i Source.obj
 0002:00004d40       ??$_Alloc_proxy@V?$allocator@U_Container_proxy@std@@@std@@@_Container_base12@std@@QAEX$$QAV?$allocator@U_Container_proxy@std@@@1@@Z 00415d40 f i Source.obj
 0002:00004df0       ??$_Allocate@$07U_Default_allocate_traits@std@@$0A@@std@@YAPAXI@Z 00415df0 f i Source.obj
 0002:00004e80       ??$_Allocate_manually_vector_aligned@U_Default_allocate_traits@std@@@std@@YAPAXI@Z 00415e80 f i Source.obj
 0002:00004fc0       ??$_Buyheadnode@V?$allocator@U?$_Tree_node@U?$pair@$$CBV?$basic_string@DU?$char_traits@D@std@@V?$allocator@D@2@@std@@PAVAccount@@@std@@PAX@std@@@std@@@?$_Tree_node@U?$pair@$$CBV?$basic_string@DU?$char_traits@D@std@@V?$allocator@D@2@@std@@PAVAccount@@@std@@PAX@std@@SAPAU01@AAV?$allocator@U?$_Tree_node@U?$pair@$$CBV?$basic_string@DU?$char_traits@D@std@@V?$allocator@D@2@@std@@PAVAccount@@@std@@PAX@std@@@1@@Z 00415fc0 f i Source.obj
 0002:000050d0       ??$_Construct_in_place@PADABQAD@std@@YAXAAPADABQAD@Z 004160d0 f i Source.obj
 0002:00005190       ??$_Construct_in_place@PAU?$_Tree_node@U?$pair@$$CBV?$basic_string@DU?$char_traits@D@std@@V?$allocator@D@2@@std@@PAVAccount@@@std@@PAX@std@@AAPAU12@@std@@YAXAAPAU?$_Tree_node@U?$pair@$$CBV?$basic_string@DU?$char_traits@D@std@@V?$allocator@D@2@@std@@PAVAccount@@@std@@PAX@0@0@Z 00416190 f i Source.obj
 0002:00005250       ??$_Construct_in_place@PAU?$_Tree_node@U?$pair@$$CBV?$basic_string@DU?$char_traits@D@std@@V?$allocator@D@2@@std@@PAVAccount@@@std@@PAX@std@@ABQAU12@@std@@YAXAAPAU?$_Tree_node@U?$pair@$$CBV?$basic_string@DU?$char_traits@D@std@@V?$allocator@D@2@@std@@PAVAccount@@@std@@PAX@0@ABQAU10@@Z 00416250 f i Source.obj
 0002:00005310       ??$_Construct_in_place@U_Container_proxy@std@@PAU_Container_base12@2@@std@@YAXAAU_Container_proxy@0@$$QAPAU_Container_base12@0@@Z 00416310 f i Source.obj
 0002:000053e0       ??$_Deallocate@$07$0A@@std@@YAXPAXI@Z 004163e0 f i Source.obj
 0002:000054a0       ??$_Deallocate_plain@V?$allocator@U_Container_proxy@std@@@std@@@std@@YAXAAV?$allocator@U_Container_proxy@std@@@0@QAU_Container_proxy@0@@Z 004164a0 f i Source.obj
 0002:00005540       ??$_Debug_lt_pred@ABU?$less@V?$basic_string@DU?$char_traits@D@std@@V?$allocator@D@2@@std@@@std@@ABV?$basic_string@DU?$char_traits@D@std@@V?$allocator@D@2@@2@ABV32@$0A@@std@@YA_NABU?$less@V?$basic_string@DU?$char_traits@D@std@@V?$allocator@D@2@@std@@@0@ABV?$basic_string@DU?$char_traits@D@std@@V?$allocator@D@2@@0@1@Z 00416540 f i Source.obj
 0002:00005650       ??$_Delete_plain_internal@V?$allocator@U_Container_proxy@std@@@std@@@std@@YAXAAV?$allocator@U_Container_proxy@std@@@0@QAU_Container_proxy@0@@Z 00416650 f i Source.obj
 0002:000056f0       ??$_Destroy_in_place@PAD@std@@YAXAAPAD@Z 004166f0 f i Source.obj
 0002:00005770       ??$_Destroy_in_place@PAU?$_Tree_node@U?$pair@$$CBV?$basic_string@DU?$char_traits@D@std@@V?$allocator@D@2@@std@@PAVAccount@@@std@@PAX@std@@@std@@YAXAAPAU?$_Tree_node@U?$pair@$$CBV?$basic_string@DU?$char_traits@D@std@@V?$allocator@D@2@@std@@PAVAccount@@@std@@PAX@0@@Z 00416770 f i Source.obj
 0002:000057f0       ??$_Emplace@U?$pair@$$CBV?$basic_string@DU?$char_traits@D@std@@V?$allocator@D@2@@std@@PAVAccount@@@std@@@?$_Tree@V?$_Tmap_traits@V?$basic_string@DU?$char_traits@D@std@@V?$allocator@D@2@@std@@PAVAccount@@U?$less@V?$basic_string@DU?$char_traits@D@std@@V?$allocator@D@2@@std@@@2@V?$allocator@U?$pair@$$CBV?$basic_string@DU?$char_traits@D@std@@V?$allocator@D@2@@std@@PAVAccount@@@std@@@2@$0A@@std@@@std@@IAE?AU?$pair@PAU?$_Tree_node@U?$pair@$$CBV?$basic_string@DU?$char_traits@D@std@@V?$allocator@D@2@@std@@PAVAccount@@@std@@PAX@std@@_N@1@$$QAU?$pair@$$CBV?$basic_string@DU?$char_traits@D@std@@V?$allocator@D@2@@std@@PAVAccount@@@1@@Z 004167f0 f i Source.obj
 0002:000059e0       ??$_Erase_head@V?$allocator@U?$_Tree_node@U?$pair@$$CBV?$basic_string@DU?$char_traits@D@std@@V?$allocator@D@2@@std@@PAVAccount@@@std@@PAX@std@@@std@@@?$_Tree_val@U?$_Tree_simple_types@U?$pair@$$CBV?$basic_string@DU?$char_traits@D@std@@V?$allocator@D@2@@std@@PAVAccount@@@std@@@std@@@std@@QAEXAAV?$allocator@U?$_Tree_node@U?$pair@$$CBV?$basic_string@DU?$char_traits@D@std@@V?$allocator@D@2@@std@@PAVAccount@@@std@@PAX@std@@@1@@Z 004169e0 f i Source.obj
 0002:00005ab0       ??$_Erase_tree@V?$allocator@U?$_Tree_node@U?$pair@$$CBV?$basic_string@DU?$char_traits@D@std@@V?$allocator@D@2@@std@@PAVAccount@@@std@@PAX@std@@@std@@@?$_Tree_val@U?$_Tree_simple_types@U?$pair@$$CBV?$basic_string@DU?$char_traits@D@std@@V?$allocator@D@2@@std@@PAVAccount@@@std@@@std@@@std@@QAEXAAV?$allocator@U?$_Tree_node@U?$pair@$$CBV?$basic_string@DU?$char_traits@D@std@@V?$allocator@D@2@@std@@PAVAccount@@@std@@PAX@std@@@1@PAU?$_Tree_node@U?$pair@$$CBV?$basic_string@DU?$char_traits@D@std@@V?$allocator@D@2@@std@@PAVAccount@@@std@@PAX@1@@Z 00416ab0 f i Source.obj
 0002:00005b90       ??$_Fgetc@D@std@@YA_NAADPAU_iobuf@@@Z 00416b90 f i Source.obj
 0002:00005c20       ??$_Find@V?$basic_string@DU?$char_traits@D@std@@V?$allocator@D@2@@std@@@?$_Tree@V?$_Tmap_traits@V?$basic_string@DU?$char_traits@D@std@@V?$allocator@D@2@@std@@PAVAccount@@U?$less@V?$basic_string@DU?$char_traits@D@std@@V?$allocator@D@2@@std@@@2@V?$allocator@U?$pair@$$CBV?$basic_string@DU?$char_traits@D@std@@V?$allocator@D@2@@std@@PAVAccount@@@std@@@2@$0A@@std@@@std@@ABEPAU?$_Tree_node@U?$pair@$$CBV?$basic_string@DU?$char_traits@D@std@@V?$allocator@D@2@@std@@PAVAccount@@@std@@PAX@1@ABV?$basic_string@DU?$char_traits@D@std@@V?$allocator@D@2@@1@@Z 00416c20 f i Source.obj
 0002:00005d10       ??$_Find_lower_bound@V?$basic_string@DU?$char_traits@D@std@@V?$allocator@D@2@@std@@@?$_Tree@V?$_Tmap_traits@V?$basic_string@DU?$char_traits@D@std@@V?$allocator@D@2@@std@@PAVAccount@@U?$less@V?$basic_string@DU?$char_traits@D@std@@V?$allocator@D@2@@std@@@2@V?$allocator@U?$pair@$$CBV?$basic_string@DU?$char_traits@D@std@@V?$allocator@D@2@@std@@PAVAccount@@@std@@@2@$0A@@std@@@std@@IBE?AU?$_Tree_find_result@PAU?$_Tree_node@U?$pair@$$CBV?$basic_string@DU?$char_traits@D@std@@V?$allocator@D@2@@std@@PAVAccount@@@std@@PAX@std@@@1@ABV?$basic_string@DU?$char_traits@D@std@@V?$allocator@D@2@@1@@Z 00416d10 f i Source.obj
 0002:00005e90       ??$_Fputc@D@std@@YA_NDPAU_iobuf@@@Z 00416e90 f i Source.obj
 0002:00005f30       ??$_Freenode0@V?$allocator@U?$_Tree_node@U?$pair@$$CBV?$basic_string@DU?$char_traits@D@std@@V?$allocator@D@2@@std@@PAVAccount@@@std@@PAX@std@@@std@@@?$_Tree_node@U?$pair@$$CBV?$basic_string@DU?$char_traits@D@std@@V?$allocator@D@2@@std@@PAVAccount@@@std@@PAX@std@@SAXAAV?$allocator@U?$_Tree_node@U?$pair@$$CBV?$basic_string@DU?$char_traits@D@std@@V?$allocator@D@2@@std@@PAVAccount@@@std@@PAX@std@@@1@PAU01@@Z 00416f30 f i Source.obj
 0002:00006000       ??$_Freenode@V?$allocator@U?$_Tree_node@U?$pair@$$CBV?$basic_string@DU?$char_traits@D@std@@V?$allocator@D@2@@std@@PAVAccount@@@std@@PAX@std@@@std@@@?$_Tree_node@U?$pair@$$CBV?$basic_string@DU?$char_traits@D@std@@V?$allocator@D@2@@std@@PAVAccount@@@std@@PAX@std@@SAXAAV?$allocator@U?$_Tree_node@U?$pair@$$CBV?$basic_string@DU?$char_traits@D@std@@V?$allocator@D@2@@std@@PAVAccount@@@std@@PAX@std@@@1@PAU01@@Z 00417000 f i Source.obj
 0002:000060c0       ??$_Get_size_of_n@$00@std@@YAII@Z 004170c0 f i Source.obj
 0002:00006120       ??$_Get_size_of_n@$07@std@@YAII@Z 00417120 f i Source.obj
 0002:000061a0       ??$_Get_size_of_n@$0DA@@std@@YAII@Z 004171a0 f i Source.obj
 0002:00006210       ??$_Insert_string@DU?$char_traits@D@std@@I@std@@YAAAV?$basic_ostream@DU?$char_traits@D@std@@@0@AAV10@QBDI@Z 00417210 f i Source.obj
 0002:00006660       ?max_size@?$basic_string@DU?$char_traits@D@std@@V?$allocator@D@2@@std@@QBEIXZ 00417660 f i Source.obj
 0002:00006770       ??$_Kfn@$$CBV?$basic_string@DU?$char_traits@D@std@@V?$allocator@D@2@@std@@PAVAccount@@@?$_Tmap_traits@V?$basic_string@DU?$char_traits@D@std@@V?$allocator@D@2@@std@@PAVAccount@@U?$less@V?$basic_string@DU?$char_traits@D@std@@V?$allocator@D@2@@std@@@2@V?$allocator@U?$pair@$$CBV?$basic_string@DU?$char_traits@D@std@@V?$allocator@D@2@@std@@PAVAccount@@@std@@@2@$0A@@std@@SAABV?$basic_string@DU?$char_traits@D@std@@V?$allocator@D@2@@1@ABU?$pair@$$CBV?$basic_string@DU?$char_traits@D@std@@V?$allocator@D@2@@std@@PAVAccount@@@1@@Z 00417770 f i Source.obj
 0002:000067c0       ??$_Lower_bound_duplicate@V?$basic_string@DU?$char_traits@D@std@@V?$allocator@D@2@@std@@@?$_Tree@V?$_Tmap_traits@V?$basic_string@DU?$char_traits@D@std@@V?$allocator@D@2@@std@@PAVAccount@@U?$less@V?$basic_string@DU?$char_traits@D@std@@V?$allocator@D@2@@std@@@2@V?$allocator@U?$pair@$$CBV?$basic_string@DU?$char_traits@D@std@@V?$allocator@D@2@@std@@PAVAccount@@@std@@@2@$0A@@std@@@std@@IBE_NQAU?$_Tree_node@U?$pair@$$CBV?$basic_string@DU?$char_traits@D@std@@V?$allocator@D@2@@std@@PAVAccount@@@std@@PAX@1@ABV?$basic_string@DU?$char_traits@D@std@@V?$allocator@D@2@@1@@Z 004177c0 f i Source.obj
 0002:00006880       ??$_Max_value@I@std@@YAABIABI0@Z 00417880 f i Source.obj
 0002:00006940       ??$_Min_value@I@std@@YAABIABI0@Z 00417940 f i Source.obj
 0002:00006a00       ??$_Pocca@V?$allocator@D@std@@@std@@YAXAAV?$allocator@D@0@ABV10@@Z 00417a00 f i Source.obj
 0002:00006a80       ??$_Reallocate_for@V<lambda_9366063389c5f42a00a5088cf24e69de>@@PBD@?$basic_string@DU?$char_traits@D@std@@V?$allocator@D@2@@std@@AAEAAV01@IV<lambda_9366063389c5f42a00a5088cf24e69de>@@PBD@Z 00417a80 f i Source.obj
 0002:00006c20       ??$_Reallocate_grow_by@V<lambda_15711c68e099a15a58f4d77303cb286d>@@D@?$basic_string@DU?$char_traits@D@std@@V?$allocator@D@2@@std@@AAEAAV01@IV<lambda_15711c68e099a15a58f4d77303cb286d>@@D@Z 00417c20 f i Source.obj
 0002:00006e30       ??$_Traits_compare@U?$char_traits@D@std@@@std@@YAHQBDI0I@Z 00417e30 f i Source.obj
 0002:00006f20       ??$_Traits_equal@U?$char_traits@D@std@@@std@@YA_NQBDI0I@Z 00417f20 f i Source.obj
 0002:00006ff0       ??$_Try_emplace@V?$basic_string@DU?$char_traits@D@std@@V?$allocator@D@2@@std@@$$V@?$map@V?$basic_string@DU?$char_traits@D@std@@V?$allocator@D@2@@std@@PAVAccount@@U?$less@V?$basic_string@DU?$char_traits@D@std@@V?$allocator@D@2@@std@@@2@V?$allocator@U?$pair@$$CBV?$basic_string@DU?$char_traits@D@std@@V?$allocator@D@2@@std@@PAVAccount@@@std@@@2@@std@@AAE?AU?$pair@PAU?$_Tree_node@U?$pair@$$CBV?$basic_string@DU?$char_traits@D@std@@V?$allocator@D@2@@std@@PAVAccount@@@std@@PAX@std@@_N@1@$$QAV?$basic_string@DU?$char_traits@D@std@@V?$allocator@D@2@@1@@Z 00417ff0 f i Source.obj
 0002:000071e0       ??$_Unfancy@D@std@@YAPADPAD@Z 004181e0 f i Source.obj
 0002:00007230       ??$_Unfancy@U_Container_proxy@std@@@std@@YAPAU_Container_proxy@0@PAU10@@Z 00418230 f i Source.obj
 0002:00007280       ??$_Ungetc@D@std@@YA_NABDPAU_iobuf@@@Z 00418280 f i Source.obj
 0002:00007320       ??$addressof@$$CBV?$_String_val@U?$_Simple_types@D@std@@@std@@@std@@YAPBV?$_String_val@U?$_Simple_types@D@std@@@0@ABV10@@Z 00418320 f i Source.obj
 0002:000073b0       ??$addressof@$$CBV?$_Tree_val@U?$_Tree_simple_types@U?$pair@$$CBV?$basic_string@DU?$char_traits@D@std@@V?$allocator@D@2@@std@@PAVAccount@@@std@@@std@@@std@@@std@@YAPBV?$_Tree_val@U?$_Tree_simple_types@U?$pair@$$CBV?$basic_string@DU?$char_traits@D@std@@V?$allocator@D@2@@std@@PAVAccount@@@std@@@std@@@0@ABV10@@Z 004183b0 f i Source.obj
 0002:00007440       ??$addressof@$$CBV?$basic_string@DU?$char_traits@D@std@@V?$allocator@D@2@@std@@@std@@YAPBV?$basic_string@DU?$char_traits@D@std@@V?$allocator@D@2@@0@ABV10@@Z 00418440 f i Source.obj
 0002:000074d0       ??$addressof@$$CBV?$codecvt@DDU_Mbstatet@@@std@@@std@@YAPBV?$codecvt@DDU_Mbstatet@@@0@ABV10@@Z 004184d0 f i Source.obj
 0002:00007560       ??$addressof@PAD@std@@YAPAPADAAPAD@Z 00418560 f i Source.obj
 0002:000075f0       ??$addressof@PAU?$_Tree_node@U?$pair@$$CBV?$basic_string@DU?$char_traits@D@std@@V?$allocator@D@2@@std@@PAVAccount@@@std@@PAX@std@@@std@@YAPAPAU?$_Tree_node@U?$pair@$$CBV?$basic_string@DU?$char_traits@D@std@@V?$allocator@D@2@@std@@PAVAccount@@@std@@PAX@0@AAPAU10@@Z 004185f0 f i Source.obj
 0002:00007680       ??$addressof@U?$pair@$$CBV?$basic_string@DU?$char_traits@D@std@@V?$allocator@D@2@@std@@PAVAccount@@@std@@@std@@YAPAU?$pair@$$CBV?$basic_string@DU?$char_traits@D@std@@V?$allocator@D@2@@std@@PAVAccount@@@0@AAU10@@Z 00418680 f i Source.obj
 0002:00007710       ??$addressof@U_Container_base12@std@@@std@@YAPAU_Container_base12@0@AAU10@@Z 00418710 f i Source.obj
 0002:000077a0       ??$addressof@U_Container_proxy@std@@@std@@YAPAU_Container_proxy@0@AAU10@@Z 004187a0 f i Source.obj
 0002:00007830       ??$addressof@V?$_String_val@U?$_Simple_types@D@std@@@std@@@std@@YAPAV?$_String_val@U?$_Simple_types@D@std@@@0@AAV10@@Z 00418830 f i Source.obj
 0002:000078c0       ??$addressof@V?$_Tree_val@U?$_Tree_simple_types@U?$pair@$$CBV?$basic_string@DU?$char_traits@D@std@@V?$allocator@D@2@@std@@PAVAccount@@@std@@@std@@@std@@@std@@YAPAV?$_Tree_val@U?$_Tree_simple_types@U?$pair@$$CBV?$basic_string@DU?$char_traits@D@std@@V?$allocator@D@2@@std@@PAVAccount@@@std@@@std@@@0@AAV10@@Z 004188c0 f i Source.obj
 0002:00007950       ??$addressof@V?$basic_filebuf@DU?$char_traits@D@std@@@std@@@std@@YAPAV?$basic_filebuf@DU?$char_traits@D@std@@@0@AAV10@@Z 00418950 f i Source.obj
 0002:000079e0       ??$construct@U?$pair@$$CBV?$basic_string@DU?$char_traits@D@std@@V?$allocator@D@2@@std@@PAVAccount@@@std@@ABUpiecewise_construct_t@2@V?$tuple@$$QAV?$basic_string@DU?$char_traits@D@std@@V?$allocator@D@2@@std@@@2@V?$tuple@$$V@2@@?$_Default_allocator_traits@V?$allocator@U?$_Tree_node@U?$pair@$$CBV?$basic_string@DU?$char_traits@D@std@@V?$allocator@D@2@@std@@PAVAccount@@@std@@PAX@std@@@std@@@std@@SAXAAV?$allocator@U?$_Tree_node@U?$pair@$$CBV?$basic_string@DU?$char_traits@D@std@@V?$allocator@D@2@@std@@PAVAccount@@@std@@PAX@std@@@1@QAU?$pair@$$CBV?$basic_string@DU?$char_traits@D@std@@V?$allocator@D@2@@std@@PAVAccount@@@1@ABUpiecewise_construct_t@1@$$QAV?$tuple@$$QAV?$basic_string@DU?$char_traits@D@std@@V?$allocator@D@2@@std@@@1@$$QAV?$tuple@$$V@1@@Z 004189e0 f i Source.obj
 0002:00007ab0       ??$construct@U?$pair@$$CBV?$basic_string@DU?$char_traits@D@std@@V?$allocator@D@2@@std@@PAVAccount@@@std@@U12@@?$_Default_allocator_traits@V?$allocator@U?$_Tree_node@U?$pair@$$CBV?$basic_string@DU?$char_traits@D@std@@V?$allocator@D@2@@std@@PAVAccount@@@std@@PAX@std@@@std@@@std@@SAXAAV?$allocator@U?$_Tree_node@U?$pair@$$CBV?$basic_string@DU?$char_traits@D@std@@V?$allocator@D@2@@std@@PAVAccount@@@std@@PAX@std@@@1@QAU?$pair@$$CBV?$basic_string@DU?$char_traits@D@std@@V?$allocator@D@2@@std@@PAVAccount@@@1@$$QAU31@@Z 00418ab0 f i Source.obj
 0002:00007b40       ??$destroy@U?$pair@$$CBV?$basic_string@DU?$char_traits@D@std@@V?$allocator@D@2@@std@@PAVAccount@@@std@@@?$_Default_allocator_traits@V?$allocator@U?$_Tree_node@U?$pair@$$CBV?$basic_string@DU?$char_traits@D@std@@V?$allocator@D@2@@std@@PAVAccount@@@std@@PAX@std@@@std@@@std@@SAXAAV?$allocator@U?$_Tree_node@U?$pair@$$CBV?$basic_string@DU?$char_traits@D@std@@V?$allocator@D@2@@std@@PAVAccount@@@std@@PAX@std@@@1@QAU?$pair@$$CBV?$basic_string@DU?$char_traits@D@std@@V?$allocator@D@2@@std@@PAVAccount@@@1@@Z 00418b40 f i Source.obj
 0002:00007ba0       ??$exchange@PAU?$_Tree_node@U?$pair@$$CBV?$basic_string@DU?$char_traits@D@std@@V?$allocator@D@2@@std@@PAVAccount@@@std@@PAX@std@@$$T@std@@YAPAU?$_Tree_node@U?$pair@$$CBV?$basic_string@DU?$char_traits@D@std@@V?$allocator@D@2@@std@@PAVAccount@@@std@@PAX@0@AAPAU10@$$QA$$T@Z 00418ba0 f i Source.obj
 0002:00007c10       ??$exchange@PAU?$_Tree_node@U?$pair@$$CBV?$basic_string@DU?$char_traits@D@std@@V?$allocator@D@2@@std@@PAVAccount@@@std@@PAX@std@@AAPAU12@@std@@YAPAU?$_Tree_node@U?$pair@$$CBV?$basic_string@DU?$char_traits@D@std@@V?$allocator@D@2@@std@@PAVAccount@@@std@@PAX@0@AAPAU10@0@Z 00418c10 f i Source.obj
 0002:00007c80       ??$exchange@PAV_Facet_base@std@@PAV12@@std@@YAPAV_Facet_base@0@AAPAV10@$$QAPAV10@@Z 00418c80 f i Source.obj
 0002:00007cf0       ??$forward@AAPAU?$_Tree_node@U?$pair@$$CBV?$basic_string@DU?$char_traits@D@std@@V?$allocator@D@2@@std@@PAVAccount@@@std@@PAX@std@@@std@@YAAAPAU?$_Tree_node@U?$pair@$$CBV?$basic_string@DU?$char_traits@D@std@@V?$allocator@D@2@@std@@PAVAccount@@@std@@PAX@0@AAPAU10@@Z 00418cf0 f i Source.obj
 0002:00007d80       ??$forward@AAPAVAccount@@@std@@YAAAPAVAccount@@AAPAV1@@Z 00418d80 f i Source.obj
 0002:00007e10       ??$forward@AAPAV_Facet_base@std@@@std@@YAAAPAV_Facet_base@0@AAPAV10@@Z 00418e10 f i Source.obj
 0002:00007ea0       ??$forward@ABQAD@std@@YAABQADABQAD@Z 00418ea0 f i Source.obj
 0002:00007f30       ??$forward@ABQAU?$_Tree_node@U?$pair@$$CBV?$basic_string@DU?$char_traits@D@std@@V?$allocator@D@2@@std@@PAVAccount@@@std@@PAX@std@@@std@@YAABQAU?$_Tree_node@U?$pair@$$CBV?$basic_string@DU?$char_traits@D@std@@V?$allocator@D@2@@std@@PAVAccount@@@std@@PAX@0@ABQAU10@@Z 00418f30 f i Source.obj
 0002:00007fc0       ??$forward@ABU?$less@V?$basic_string@DU?$char_traits@D@std@@V?$allocator@D@2@@std@@@std@@@std@@YAABU?$less@V?$basic_string@DU?$char_traits@D@std@@V?$allocator@D@2@@std@@@0@ABU10@@Z 00418fc0 f i Source.obj
 0002:00008050       ??$forward@ABUpiecewise_construct_t@std@@@std@@YAABUpiecewise_construct_t@0@ABU10@@Z 00419050 f i Source.obj
 0002:000080e0       ??$forward@ABV?$allocator@D@std@@@std@@YAABV?$allocator@D@0@ABV10@@Z 004190e0 f i Source.obj
 0002:00008170       ??$forward@AB_N@std@@YAAB_NAB_N@Z 00419170 f i Source.obj
 0002:00008200       ??$forward@PAU?$_Tree_node@U?$pair@$$CBV?$basic_string@DU?$char_traits@D@std@@V?$allocator@D@2@@std@@PAVAccount@@@std@@PAX@std@@@std@@YA$$QAPAU?$_Tree_node@U?$pair@$$CBV?$basic_string@DU?$char_traits@D@std@@V?$allocator@D@2@@std@@PAVAccount@@@std@@PAX@0@AAPAU10@@Z 00419200 f i Source.obj
 0002:00008290       ??$forward@PAU_Container_base12@std@@@std@@YA$$QAPAU_Container_base12@0@AAPAU10@@Z 00419290 f i Source.obj
 0002:00008320       ??$forward@U?$pair@$$CBV?$basic_string@DU?$char_traits@D@std@@V?$allocator@D@2@@std@@PAVAccount@@@std@@@std@@YA$$QAU?$pair@$$CBV?$basic_string@DU?$char_traits@D@std@@V?$allocator@D@2@@std@@PAVAccount@@@0@AAU10@@Z 00419320 f i Source.obj
 0002:000083b0       ??$forward@U_Zero_then_variadic_args_t@std@@@std@@YA$$QAU_Zero_then_variadic_args_t@0@AAU10@@Z 004193b0 f i Source.obj
 0002:00008440       ??$forward@V?$_Tree_iterator@V?$_Tree_val@U?$_Tree_simple_types@U?$pair@$$CBV?$basic_string@DU?$char_traits@D@std@@V?$allocator@D@2@@std@@PAVAccount@@@std@@@std@@@std@@@std@@@std@@YA$$QAV?$_Tree_iterator@V?$_Tree_val@U?$_Tree_simple_types@U?$pair@$$CBV?$basic_string@DU?$char_traits@D@std@@V?$allocator@D@2@@std@@PAVAccount@@@std@@@std@@@std@@@0@AAV10@@Z 00419440 f i Source.obj
 0002:000084d0       ??$forward@V?$allocator@D@std@@@std@@YA$$QAV?$allocator@D@0@AAV10@@Z 004194d0 f i Source.obj
 0002:00008560       ??$forward@V?$basic_string@DU?$char_traits@D@std@@V?$allocator@D@2@@std@@@std@@YA$$QAV?$basic_string@DU?$char_traits@D@std@@V?$allocator@D@2@@0@AAV10@@Z 00419560 f i Source.obj
 0002:000085f0       ??$forward@V?$tuple@$$QAV?$basic_string@DU?$char_traits@D@std@@V?$allocator@D@2@@std@@@std@@@std@@YA$$QAV?$tuple@$$QAV?$basic_string@DU?$char_traits@D@std@@V?$allocator@D@2@@std@@@0@AAV10@@Z 004195f0 f i Source.obj
 0002:00008680       ??$forward@V?$tuple@$$V@std@@@std@@YA$$QAV?$tuple@$$V@0@AAV10@@Z 00419680 f i Source.obj
 0002:00008710       ??$forward@_N@std@@YA$$QA_NAA_N@Z 00419710 f i Source.obj
 0002:000087a0       ??$forward_as_tuple@$$V@std@@YA?AV?$tuple@$$V@0@XZ 004197a0 f i Source.obj
 0002:00008830       ??$forward_as_tuple@V?$basic_string@DU?$char_traits@D@std@@V?$allocator@D@2@@std@@@std@@YA?AV?$tuple@$$QAV?$basic_string@DU?$char_traits@D@std@@V?$allocator@D@2@@std@@@0@$$QAV?$basic_string@DU?$char_traits@D@std@@V?$allocator@D@2@@0@@Z 00419830 f i Source.obj
 0002:000088d0       ??$get@$0A@$$QAV?$basic_string@DU?$char_traits@D@std@@V?$allocator@D@2@@std@@@std@@YA$$QAV?$basic_string@DU?$char_traits@D@std@@V?$allocator@D@2@@0@$$QAV?$tuple@$$QAV?$basic_string@DU?$char_traits@D@std@@V?$allocator@D@2@@std@@@0@@Z 004198d0 f i Source.obj
 0002:00008960       ??$getline@DU?$char_traits@D@std@@V?$allocator@D@2@@std@@YAAAV?$basic_istream@DU?$char_traits@D@std@@@0@$$QAV10@AAV?$basic_string@DU?$char_traits@D@std@@V?$allocator@D@2@@0@D@Z 00419960 f i Source.obj
 0002:00008c70       ?setbuf@?$basic_filebuf@DU?$char_traits@D@std@@@std@@MAEPAV?$basic_streambuf@DU?$char_traits@D@std@@@2@PAD_J@Z 00419c70 f i Source.obj
 0002:00008d30       ??$getline@DU?$char_traits@D@std@@V?$allocator@D@2@@std@@YAAAV?$basic_istream@DU?$char_traits@D@std@@@0@AAV10@AAV?$basic_string@DU?$char_traits@D@std@@V?$allocator@D@2@@0@D@Z 00419d30 f i Source.obj
 0002:00008da0       ??$insert@$0A@$0A@@?$_Tree@V?$_Tmap_traits@V?$basic_string@DU?$char_traits@D@std@@V?$allocator@D@2@@std@@PAVAccount@@U?$less@V?$basic_string@DU?$char_traits@D@std@@V?$allocator@D@2@@std@@@2@V?$allocator@U?$pair@$$CBV?$basic_string@DU?$char_traits@D@std@@V?$allocator@D@2@@std@@PAVAccount@@@std@@@2@$0A@@std@@@std@@QAE?AU?$pair@V?$_Tree_iterator@V?$_Tree_val@U?$_Tree_simple_types@U?$pair@$$CBV?$basic_string@DU?$char_traits@D@std@@V?$allocator@D@2@@std@@PAVAccount@@@std@@@std@@@std@@@std@@_N@1@$$QAU?$pair@$$CBV?$basic_string@DU?$char_traits@D@std@@V?$allocator@D@2@@std@@PAVAccount@@@1@@Z 00419da0 f i Source.obj
 0002:00008ee0       ??$move@AAU?$pair@$$CBV?$basic_string@DU?$char_traits@D@std@@V?$allocator@D@2@@std@@PAVAccount@@@std@@@std@@YA$$QAU?$pair@$$CBV?$basic_string@DU?$char_traits@D@std@@V?$allocator@D@2@@std@@PAVAccount@@@0@AAU10@@Z 00419ee0 f i Source.obj
 0002:00008f70       ??$move@AAV?$allocator@D@std@@@std@@YA$$QAV?$allocator@D@0@AAV10@@Z 00419f70 f i Source.obj
 0002:00009000       ??$move@AAV?$basic_istream@DU?$char_traits@D@std@@@std@@@std@@YA$$QAV?$basic_istream@DU?$char_traits@D@std@@@0@AAV10@@Z 0041a000 f i Source.obj
 0002:00009090       ??$move@AAV?$basic_string@DU?$char_traits@D@std@@V?$allocator@D@2@@std@@@std@@YA$$QAV?$basic_string@DU?$char_traits@D@std@@V?$allocator@D@2@@0@AAV10@@Z 0041a090 f i Source.obj
 0002:00009120       ??$move@AAV?$tuple@$$QAV?$basic_string@DU?$char_traits@D@std@@V?$allocator@D@2@@std@@@std@@@std@@YA$$QAV?$tuple@$$QAV?$basic_string@DU?$char_traits@D@std@@V?$allocator@D@2@@std@@@0@AAV10@@Z 0041a120 f i Source.obj
 0002:000091b0       ??$use_facet@V?$codecvt@DDU_Mbstatet@@@std@@@std@@YAABV?$codecvt@DDU_Mbstatet@@@0@ABVlocale@0@@Z 0041a1b0 f i Source.obj
 0002:00009410       ??0?$_Alloc_construct_ptr@V?$allocator@U?$_Tree_node@U?$pair@$$CBV?$basic_string@DU?$char_traits@D@std@@V?$allocator@D@2@@std@@PAVAccount@@@std@@PAX@std@@@std@@@std@@QAE@AAV?$allocator@U?$_Tree_node@U?$pair@$$CBV?$basic_string@DU?$char_traits@D@std@@V?$allocator@D@2@@std@@PAVAccount@@@std@@PAX@std@@@1@@Z 0041a410 f i Source.obj
 0002:00009480       ??0?$_Container_proxy_ptr12@V?$allocator@U_Container_proxy@std@@@std@@@std@@QAE@AAV?$allocator@U_Container_proxy@std@@@1@AAU_Container_base12@1@@Z 0041a480 f i Source.obj
 0002:00009540       ??0?$_String_val@U?$_Simple_types@D@std@@@std@@QAE@XZ 0041a540 f i Source.obj
 0002:000095d0       ??0?$_Tree@V?$_Tmap_traits@V?$basic_string@DU?$char_traits@D@std@@V?$allocator@D@2@@std@@PAVAccount@@U?$less@V?$basic_string@DU?$char_traits@D@std@@V?$allocator@D@2@@std@@@2@V?$allocator@U?$pair@$$CBV?$basic_string@DU?$char_traits@D@std@@V?$allocator@D@2@@std@@PAVAccount@@@std@@@2@$0A@@std@@@std@@QAE@ABU?$less@V?$basic_string@DU?$char_traits@D@std@@V?$allocator@D@2@@std@@@1@@Z 0041a5d0 f i Source.obj
 0002:00009660       ??0?$_Tree_const_iterator@V?$_Tree_val@U?$_Tree_simple_types@U?$pair@$$CBV?$basic_string@DU?$char_traits@D@std@@V?$allocator@D@2@@std@@PAVAccount@@@std@@@std@@@std@@@std@@QAE@$$QAV01@@Z 0041a660 f i Source.obj
 0002:000096c0       ??0?$_Tree_const_iterator@V?$_Tree_val@U?$_Tree_simple_types@U?$pair@$$CBV?$basic_string@DU?$char_traits@D@std@@V?$allocator@D@2@@std@@PAVAccount@@@std@@@std@@@std@@@std@@QAE@ABV01@@Z 0041a6c0 f i Source.obj
 0002:00009720       ??0?$_Tree_const_iterator@V?$_Tree_val@U?$_Tree_simple_types@U?$pair@$$CBV?$basic_string@DU?$char_traits@D@std@@V?$allocator@D@2@@std@@PAVAccount@@@std@@@std@@@std@@@std@@QAE@PAU?$_Tree_node@U?$pair@$$CBV?$basic_string@DU?$char_traits@D@std@@V?$allocator@D@2@@std@@PAVAccount@@@std@@PAX@1@PBV?$_Tree_val@U?$_Tree_simple_types@U?$pair@$$CBV?$basic_string@DU?$char_traits@D@std@@V?$allocator@D@2@@std@@PAVAccount@@@std@@@std@@@1@@Z 0041a720 f i Source.obj
 0002:00009790       ??0?$_Tree_iterator@V?$_Tree_val@U?$_Tree_simple_types@U?$pair@$$CBV?$basic_string@DU?$char_traits@D@std@@V?$allocator@D@2@@std@@PAVAccount@@@std@@@std@@@std@@@std@@QAE@$$QAV01@@Z 0041a790 f i Source.obj
 0002:000097f0       ??0?$_Tree_iterator@V?$_Tree_val@U?$_Tree_simple_types@U?$pair@$$CBV?$basic_string@DU?$char_traits@D@std@@V?$allocator@D@2@@std@@PAVAccount@@@std@@@std@@@std@@@std@@QAE@ABV01@@Z 0041a7f0 f i Source.obj
 0002:00009850       ??0?$_Tree_iterator@V?$_Tree_val@U?$_Tree_simple_types@U?$pair@$$CBV?$basic_string@DU?$char_traits@D@std@@V?$allocator@D@2@@std@@PAVAccount@@@std@@@std@@@std@@@std@@QAE@PAU?$_Tree_node@U?$pair@$$CBV?$basic_string@DU?$char_traits@D@std@@V?$allocator@D@2@@std@@PAVAccount@@@std@@PAX@1@PBV?$_Tree_val@U?$_Tree_simple_types@U?$pair@$$CBV?$basic_string@DU?$char_traits@D@std@@V?$allocator@D@2@@std@@PAVAccount@@@std@@@std@@@1@@Z 0041a850 f i Source.obj
 0002:000098c0       ??0?$_Tree_temp_node_alloc@V?$allocator@U?$_Tree_node@U?$pair@$$CBV?$basic_string@DU?$char_traits@D@std@@V?$allocator@D@2@@std@@PAVAccount@@@std@@PAX@std@@@std@@@std@@QAE@AAV?$allocator@U?$_Tree_node@U?$pair@$$CBV?$basic_string@DU?$char_traits@D@std@@V?$allocator@D@2@@std@@PAVAccount@@@std@@PAX@std@@@1@@Z 0041a8c0 f i Source.obj
 0002:00009980       ??0?$_Tree_unchecked_const_iterator@V?$_Tree_val@U?$_Tree_simple_types@U?$pair@$$CBV?$basic_string@DU?$char_traits@D@std@@V?$allocator@D@2@@std@@PAVAccount@@@std@@@std@@@std@@U_Iterator_base12@2@@std@@QAE@$$QAV01@@Z 0041a980 f i Source.obj
 0002:000099f0       ??0?$_Tree_unchecked_const_iterator@V?$_Tree_val@U?$_Tree_simple_types@U?$pair@$$CBV?$basic_string@DU?$char_traits@D@std@@V?$allocator@D@2@@std@@PAVAccount@@@std@@@std@@@std@@U_Iterator_base12@2@@std@@QAE@ABV01@@Z 0041a9f0 f i Source.obj
 0002:00009a60       ??0?$_Tree_unchecked_const_iterator@V?$_Tree_val@U?$_Tree_simple_types@U?$pair@$$CBV?$basic_string@DU?$char_traits@D@std@@V?$allocator@D@2@@std@@PAVAccount@@@std@@@std@@@std@@U_Iterator_base12@2@@std@@QAE@PAU?$_Tree_node@U?$pair@$$CBV?$basic_string@DU?$char_traits@D@std@@V?$allocator@D@2@@std@@PAVAccount@@@std@@PAX@1@PBV?$_Tree_val@U?$_Tree_simple_types@U?$pair@$$CBV?$basic_string@DU?$char_traits@D@std@@V?$allocator@D@2@@std@@PAVAccount@@@std@@@std@@@1@@Z 0041aa60 f i Source.obj
 0002:00009ae0       ??0?$_Tree_val@U?$_Tree_simple_types@U?$pair@$$CBV?$basic_string@DU?$char_traits@D@std@@V?$allocator@D@2@@std@@PAVAccount@@@std@@@std@@@std@@QAE@XZ 0041aae0 f i Source.obj
 0002:00009b60       ??0?$allocator@D@std@@QAE@XZ 0041ab60 f i Source.obj
 0002:00009bf0       ??0?$allocator@U?$_Tree_node@U?$pair@$$CBV?$basic_string@DU?$char_traits@D@std@@V?$allocator@D@2@@std@@PAVAccount@@@std@@PAX@std@@@std@@QAE@XZ 0041abf0 f i Source.obj
 0002:00009c80       ??0?$basic_filebuf@DU?$char_traits@D@std@@@std@@QAE@PAU_iobuf@@@Z 0041ac80 f i Source.obj
 0002:00009d50       ??0?$basic_ifstream@DU?$char_traits@D@std@@@std@@QAE@PBDHH@Z 0041ad50 f i Source.obj
 0002:00009f10       ??0?$basic_ofstream@DU?$char_traits@D@std@@@std@@QAE@PBDHH@Z 0041af10 f i Source.obj
 0002:0000a0d0       ??0?$basic_string@DU?$char_traits@D@std@@V?$allocator@D@2@@std@@QAE@$$QAV01@@Z 0041b0d0 f i Source.obj
 0002:0000a1d0       ??0?$basic_string@DU?$char_traits@D@std@@V?$allocator@D@2@@std@@QAE@ABV01@@Z 0041b1d0 f i Source.obj
 0002:0000a360       ??0?$basic_string@DU?$char_traits@D@std@@V?$allocator@D@2@@std@@QAE@ABV01@IIABV?$allocator@D@1@@Z 0041b360 f i Source.obj
 0002:0000a4f0       ??0?$basic_string@DU?$char_traits@D@std@@V?$allocator@D@2@@std@@QAE@XZ 0041b4f0 f i Source.obj
 0002:0000a5c0       ??0?$fpos@U_Mbstatet@@@std@@QAE@U_Mbstatet@@_J@Z 0041b5c0 f i Source.obj
 0002:0000a660       ??0?$fpos@U_Mbstatet@@@std@@QAE@_J@Z 0041b660 f i Source.obj
 0002:0000a6f0       ??0?$map@V?$basic_string@DU?$char_traits@D@std@@V?$allocator@D@2@@std@@PAVAccount@@U?$less@V?$basic_string@DU?$char_traits@D@std@@V?$allocator@D@2@@std@@@2@V?$allocator@U?$pair@$$CBV?$basic_string@DU?$char_traits@D@std@@V?$allocator@D@2@@std@@PAVAccount@@@std@@@2@@std@@QAE@XZ 0041b6f0 f i Source.obj
 0002:0000a760       ??0?$pair@$$CBV?$basic_string@DU?$char_traits@D@std@@V?$allocator@D@2@@std@@PAVAccount@@@std@@QAE@$$QAU01@@Z 0041b760 f i Source.obj
 0002:0000a7e0       ??0?$tuple@$$QAV?$basic_string@DU?$char_traits@D@std@@V?$allocator@D@2@@std@@@std@@QAE@$$QAV01@@Z 0041b7e0 f i Source.obj
 0002:0000a890       ??0?$tuple@$$V@std@@QAE@ABV01@@Z 0041b890 f i Source.obj
 0002:0000a920       ??0?$tuple@$$V@std@@QAE@XZ 0041b920 f i Source.obj
 0002:0000a9b0       ??0Account@@QAE@XZ         0041b9b0 f i Source.obj
 0002:0000aa70       ??0BalancedAcc@@QAE@XZ     0041ba70 f i Source.obj
 0002:0000ab10       ??0BonusAcc@@QAE@XZ        0041bb10 f i Source.obj
 0002:0000abb0       ??0Manager@@QAE@XZ         0041bbb0 f i Source.obj
 0002:0000ad40       ??0ServiceAcc@@QAE@XZ      0041bd40 f i Source.obj
 0002:0000ade0       ??0SimpleAcc@@QAE@XZ       0041bde0 f i Source.obj
 0002:0000ae80       ??0_Bxty@?$_String_val@U?$_Simple_types@D@std@@@std@@QAE@XZ 0041be80 f i Source.obj
 0002:0000aee0       ??0_Container_base12@std@@QAE@XZ 0041bee0 f i Source.obj
 0002:0000af40       ??0_Container_proxy@std@@QAE@PAU_Container_base12@1@@Z 0041bf40 f i Source.obj
 0002:0000aff0       ??0_Iterator_base12@std@@QAE@ABU01@@Z 0041bff0 f i Source.obj
 0002:0000b0b0       ??0_Iterator_base12@std@@QAE@XZ 0041c0b0 f i Source.obj
 0002:0000b160       ??0_Sentry_base@?$basic_istream@DU?$char_traits@D@std@@@std@@QAE@AAV12@@Z 0041c160 f i Source.obj
 0002:0000b220       ??0_Sentry_base@?$basic_ostream@DU?$char_traits@D@std@@@std@@QAE@AAV12@@Z 0041c220 f i Source.obj
 0002:0000b2e0       ??0bad_alloc@std@@AAE@QBD@Z 0041c2e0 f i Source.obj
 0002:0000b390       ??0bad_alloc@std@@QAE@ABV01@@Z 0041c390 f i Source.obj
 0002:0000b400       ??0bad_array_new_length@std@@QAE@ABV01@@Z 0041c400 f i Source.obj
 0002:0000b470       ??0bad_array_new_length@std@@QAE@XZ 0041c470 f i Source.obj
 0002:0000b520       ??0bad_cast@std@@QAE@ABV01@@Z 0041c520 f i Source.obj
 0002:0000b590       ??0bad_cast@std@@QAE@XZ    0041c590 f i Source.obj
 0002:0000b640       ??0exception@std@@QAE@ABV01@@Z 0041c640 f i Source.obj
 0002:0000b710       ??0exception@std@@QAE@QBD@Z 0041c710 f i Source.obj
 0002:0000b830       ??0exception@std@@QAE@QBDH@Z 0041c830 f i Source.obj
 0002:0000b8f0       ??0runtime_error@std@@QAE@ABV01@@Z 0041c8f0 f i Source.obj
 0002:0000b960       ??0runtime_error@std@@QAE@PBD@Z 0041c960 f i Source.obj
 0002:0000b9e0       ??0sentry@?$basic_istream@DU?$char_traits@D@std@@@std@@QAE@AAV12@_N@Z 0041c9e0 f i Source.obj
 0002:0000bac0       ??0sentry@?$basic_ostream@DU?$char_traits@D@std@@@std@@QAE@AAV12@@Z 0041cac0 f i Source.obj
 0002:0000bc30       ??1?$_Alloc_construct_ptr@V?$allocator@U?$_Tree_node@U?$pair@$$CBV?$basic_string@DU?$char_traits@D@std@@V?$allocator@D@2@@std@@PAVAccount@@@std@@PAX@std@@@std@@@std@@QAE@XZ 0041cc30 f i Source.obj
 0002:0000bce0       ??1?$_Compressed_pair@V?$allocator@D@std@@V?$_String_val@U?$_Simple_types@D@std@@@2@$00@std@@QAE@XZ 0041cce0 f i Source.obj
 0002:0000bd30       ??1?$_Container_proxy_ptr12@V?$allocator@U_Container_proxy@std@@@std@@@std@@QAE@XZ 0041cd30 f i Source.obj
 0002:0000bde0       ??1?$_String_val@U?$_Simple_types@D@std@@@std@@QAE@XZ 0041cde0 f i Source.obj
 0002:0000be40       ??1?$_Tree@V?$_Tmap_traits@V?$basic_string@DU?$char_traits@D@std@@V?$allocator@D@2@@std@@PAVAccount@@U?$less@V?$basic_string@DU?$char_traits@D@std@@V?$allocator@D@2@@std@@@2@V?$allocator@U?$pair@$$CBV?$basic_string@DU?$char_traits@D@std@@V?$allocator@D@2@@std@@PAVAccount@@@std@@@2@$0A@@std@@@std@@QAE@XZ 0041ce40 f i Source.obj
 0002:0000bf70       ??1?$_Tree_const_iterator@V?$_Tree_val@U?$_Tree_simple_types@U?$pair@$$CBV?$basic_string@DU?$char_traits@D@std@@V?$allocator@D@2@@std@@PAVAccount@@@std@@@std@@@std@@@std@@QAE@XZ 0041cf70 f i Source.obj
 0002:0000bfc0       ??1?$_Tree_iterator@V?$_Tree_val@U?$_Tree_simple_types@U?$pair@$$CBV?$basic_string@DU?$char_traits@D@std@@V?$allocator@D@2@@std@@PAVAccount@@@std@@@std@@@std@@@std@@QAE@XZ 0041cfc0 f i Source.obj
 0002:0000c010       ??1?$_Tree_temp_node@V?$allocator@U?$_Tree_node@U?$pair@$$CBV?$basic_string@DU?$char_traits@D@std@@V?$allocator@D@2@@std@@PAVAccount@@@std@@PAX@std@@@std@@@std@@QAE@XZ 0041d010 f i Source.obj
 0002:0000c120       ??1?$_Tree_temp_node_alloc@V?$allocator@U?$_Tree_node@U?$pair@$$CBV?$basic_string@DU?$char_traits@D@std@@V?$allocator@D@2@@std@@PAVAccount@@@std@@PAX@std@@@std@@@std@@QAE@XZ 0041d120 f i Source.obj
 0002:0000c170       ??1?$_Tree_unchecked_const_iterator@V?$_Tree_val@U?$_Tree_simple_types@U?$pair@$$CBV?$basic_string@DU?$char_traits@D@std@@V?$allocator@D@2@@std@@PAVAccount@@@std@@@std@@@std@@U_Iterator_base12@2@@std@@QAE@XZ 0041d170 f i Source.obj
 0002:0000c1c0       ??1?$basic_filebuf@DU?$char_traits@D@std@@@std@@UAE@XZ 0041d1c0 f i Source.obj
 0002:0000c2a0       ??1?$basic_ifstream@DU?$char_traits@D@std@@@std@@UAE@XZ 0041d2a0 f i Source.obj
 0002:0000c390       ??1?$basic_ofstream@DU?$char_traits@D@std@@@std@@UAE@XZ 0041d390 f i Source.obj
 0002:0000c480       ??1?$basic_string@DU?$char_traits@D@std@@V?$allocator@D@2@@std@@QAE@XZ 0041d480 f i Source.obj
 0002:0000c5b0       ??1?$map@V?$basic_string@DU?$char_traits@D@std@@V?$allocator@D@2@@std@@PAVAccount@@U?$less@V?$basic_string@DU?$char_traits@D@std@@V?$allocator@D@2@@std@@@2@V?$allocator@U?$pair@$$CBV?$basic_string@DU?$char_traits@D@std@@V?$allocator@D@2@@std@@PAVAccount@@@std@@@2@@std@@QAE@XZ 0041d5b0 f i Source.obj
 0002:0000c600       ??1?$pair@$$CBV?$basic_string@DU?$char_traits@D@std@@V?$allocator@D@2@@std@@PAVAccount@@@std@@QAE@XZ 0041d600 f i Source.obj
 0002:0000c650       ??1?$pair@V?$_Tree_iterator@V?$_Tree_val@U?$_Tree_simple_types@U?$pair@$$CBV?$basic_string@DU?$char_traits@D@std@@V?$allocator@D@2@@std@@PAVAccount@@@std@@@std@@@std@@@std@@_N@std@@QAE@XZ 0041d650 f i Source.obj
 0002:0000c6a0       ??1?$unique_ptr@V_Facet_base@std@@U?$default_delete@V_Facet_base@std@@@2@@std@@QAE@XZ 0041d6a0 f i Source.obj
 0002:0000c750       ??1Manager@@QAE@XZ         0041d750 f i Source.obj
 0002:0000c810       ??1_Bxty@?$_String_val@U?$_Simple_types@D@std@@@std@@QAE@XZ 0041d810 f i Source.obj
 0002:0000c8a0       ??1_Iterator_base12@std@@QAE@XZ 0041d8a0 f i Source.obj
 0002:0000c9b0       ??1_Sentry_base@?$basic_istream@DU?$char_traits@D@std@@@std@@QAE@XZ 0041d9b0 f i Source.obj
 0002:0000caa0       ??1_Sentry_base@?$basic_ostream@DU?$char_traits@D@std@@@std@@QAE@XZ 0041daa0 f i Source.obj
 0002:0000cb90       ??1bad_alloc@std@@UAE@XZ   0041db90 f i Source.obj
 0002:0000cbe0       ??1bad_array_new_length@std@@UAE@XZ 0041dbe0 f i Source.obj
 0002:0000cc30       ??1bad_cast@std@@UAE@XZ    0041dc30 f i Source.obj
 0002:0000cc80       ??1exception@std@@UAE@XZ   0041dc80 f i Source.obj
 0002:0000cd30       ??1locale@std@@QAE@XZ      0041dd30 f i Source.obj
 0002:0000ce40       ??1runtime_error@std@@UAE@XZ 0041de40 f i Source.obj
 0002:0000ce90       ??1sentry@?$basic_istream@DU?$char_traits@D@std@@@std@@QAE@XZ 0041de90 f i Source.obj
 0002:0000cee0       ??1sentry@?$basic_ostream@DU?$char_traits@D@std@@@std@@QAE@XZ 0041dee0 f i Source.obj
 0002:0000cfa0       ??2@YAPAXIPAX@Z            0041dfa0 f i Source.obj
 0002:0000d030       ??4?$basic_string@DU?$char_traits@D@std@@V?$allocator@D@2@@std@@QAEAAV01@ABV01@@Z 0041e030 f i Source.obj
 0002:0000d0c0       ??4_Iterator_base12@std@@QAEAAU01@ABU01@@Z 0041e0c0 f i Source.obj
 0002:0000d200       ??8?$_Tree_const_iterator@V?$_Tree_val@U?$_Tree_simple_types@U?$pair@$$CBV?$basic_string@DU?$char_traits@D@std@@V?$allocator@D@2@@std@@PAVAccount@@@std@@@std@@@std@@@std@@QBE_NABV01@@Z 0041e200 f i Source.obj
 0002:0000d320       ??9?$_Tree_const_iterator@V?$_Tree_val@U?$_Tree_simple_types@U?$pair@$$CBV?$basic_string@DU?$char_traits@D@std@@V?$allocator@D@2@@std@@PAVAccount@@@std@@@std@@@std@@@std@@QBE_NABV01@@Z 0041e320 f i Source.obj
 0002:0000d3b0       ??A?$map@V?$basic_string@DU?$char_traits@D@std@@V?$allocator@D@2@@std@@PAVAccount@@U?$less@V?$basic_string@DU?$char_traits@D@std@@V?$allocator@D@2@@std@@@2@V?$allocator@U?$pair@$$CBV?$basic_string@DU?$char_traits@D@std@@V?$allocator@D@2@@std@@PAVAccount@@@std@@@2@@std@@QAEAAPAVAccount@@$$QAV?$basic_string@DU?$char_traits@D@std@@V?$allocator@D@2@@1@@Z 0041e3b0 f i Source.obj
 0002:0000d430       ??B?$fpos@U_Mbstatet@@@std@@QBE_JXZ 0041e430 f i Source.obj
 0002:0000d4a0       ??Bsentry@?$basic_istream@DU?$char_traits@D@std@@@std@@QBE_NXZ 0041e4a0 f i Source.obj
 0002:0000d500       ??Bsentry@?$basic_ostream@DU?$char_traits@D@std@@@std@@QBE_NXZ 0041e500 f i Source.obj
 0002:0000d560       ??C?$_Tree_iterator@V?$_Tree_val@U?$_Tree_simple_types@U?$pair@$$CBV?$basic_string@DU?$char_traits@D@std@@V?$allocator@D@2@@std@@PAVAccount@@@std@@@std@@@std@@@std@@QBEPAU?$pair@$$CBV?$basic_string@DU?$char_traits@D@std@@V?$allocator@D@2@@std@@PAVAccount@@@1@XZ 0041e560 f i Source.obj
 0002:0000d5d0       ??D?$_Tree_const_iterator@V?$_Tree_val@U?$_Tree_simple_types@U?$pair@$$CBV?$basic_string@DU?$char_traits@D@std@@V?$allocator@D@2@@std@@PAVAccount@@@std@@@std@@@std@@@std@@QBEABU?$pair@$$CBV?$basic_string@DU?$char_traits@D@std@@V?$allocator@D@2@@std@@PAVAccount@@@1@XZ 0041e5d0 f i Source.obj
 0002:0000d750       ??D?$_Tree_iterator@V?$_Tree_val@U?$_Tree_simple_types@U?$pair@$$CBV?$basic_string@DU?$char_traits@D@std@@V?$allocator@D@2@@std@@PAVAccount@@@std@@@std@@@std@@@std@@QBEAAU?$pair@$$CBV?$basic_string@DU?$char_traits@D@std@@V?$allocator@D@2@@std@@PAVAccount@@@1@XZ 0041e750 f i Source.obj
 0002:0000d7b0       ??E?$_Tree_const_iterator@V?$_Tree_val@U?$_Tree_simple_types@U?$pair@$$CBV?$basic_string@DU?$char_traits@D@std@@V?$allocator@D@2@@std@@PAVAccount@@@std@@@std@@@std@@@std@@QAEAAV01@XZ 0041e7b0 f i Source.obj
 0002:0000d930       ??E?$_Tree_iterator@V?$_Tree_val@U?$_Tree_simple_types@U?$pair@$$CBV?$basic_string@DU?$char_traits@D@std@@V?$allocator@D@2@@std@@PAVAccount@@@std@@@std@@@std@@@std@@QAE?AV01@H@Z 0041e930 f i Source.obj
 0002:0000da80       ??E?$_Tree_unchecked_const_iterator@V?$_Tree_val@U?$_Tree_simple_types@U?$pair@$$CBV?$basic_string@DU?$char_traits@D@std@@V?$allocator@D@2@@std@@PAVAccount@@@std@@@std@@@std@@U_Iterator_base12@2@@std@@QAEAAV01@XZ 0041ea80 f i Source.obj
 0002:0000db60       ??R<lambda_15711c68e099a15a58f4d77303cb286d>@@QBEXQADQBDID@Z 0041eb60 f i Source.obj
 0002:0000dc10       ??R<lambda_9366063389c5f42a00a5088cf24e69de>@@QBEXQADIQBD@Z 0041ec10 f i Source.obj
 0002:0000dcb0       ??R?$default_delete@V_Facet_base@std@@@std@@QBEXPAV_Facet_base@1@@Z 0041ecb0 f i Source.obj
 0002:0000dd90       ??R?$less@V?$basic_string@DU?$char_traits@D@std@@V?$allocator@D@2@@std@@@std@@QBE_NABV?$basic_string@DU?$char_traits@D@std@@V?$allocator@D@2@@1@0@Z 0041ed90 f i Source.obj
 0002:0000de00       ??Y?$basic_string@DU?$char_traits@D@std@@V?$allocator@D@2@@std@@QAEAAV01@D@Z 0041ee00 f i Source.obj
 0002:0000de70       ??_D?$basic_ifstream@DU?$char_traits@D@std@@@std@@QAEXXZ 0041ee70 f i Source.obj
 0002:0000dee0       ??_D?$basic_ofstream@DU?$char_traits@D@std@@@std@@QAEXXZ 0041eee0 f i Source.obj
 0002:0000df4c       ??_E?$basic_ifstream@DU?$char_traits@D@std@@@std@@$4PPPPPPPM@A@AEPAXI@Z 0041ef4c f i Source.obj
 0002:0000df56       ??_E?$basic_ofstream@DU?$char_traits@D@std@@@std@@$4PPPPPPPM@A@AEPAXI@Z 0041ef56 f i Source.obj
 0002:0000df60       ??_E?$basic_filebuf@DU?$char_traits@D@std@@@std@@UAEPAXI@Z 0041ef60 f i Source.obj
 0002:0000df60       ??_G?$basic_filebuf@DU?$char_traits@D@std@@@std@@UAEPAXI@Z 0041ef60 f i Source.obj
 0002:0000dfd0       ??_E?$basic_ifstream@DU?$char_traits@D@std@@@std@@UAEPAXI@Z 0041efd0 f i Source.obj
 0002:0000dfd0       ??_G?$basic_ifstream@DU?$char_traits@D@std@@@std@@UAEPAXI@Z 0041efd0 f i Source.obj
 0002:0000e050       ??_E?$basic_ofstream@DU?$char_traits@D@std@@@std@@UAEPAXI@Z 0041f050 f i Source.obj
 0002:0000e050       ??_G?$basic_ofstream@DU?$char_traits@D@std@@@std@@UAEPAXI@Z 0041f050 f i Source.obj
 0002:0000e0d0       ??_G?$pair@$$CBV?$basic_string@DU?$char_traits@D@std@@V?$allocator@D@2@@std@@PAVAccount@@@std@@QAEPAXI@Z 0041f0d0 f i Source.obj
 0002:0000e140       ??_Ebad_alloc@std@@UAEPAXI@Z 0041f140 f i Source.obj
 0002:0000e140       ??_Gbad_alloc@std@@UAEPAXI@Z 0041f140 f i Source.obj
 0002:0000e1b0       ??_Ebad_array_new_length@std@@UAEPAXI@Z 0041f1b0 f i Source.obj
 0002:0000e1b0       ??_Gbad_array_new_length@std@@UAEPAXI@Z 0041f1b0 f i Source.obj
 0002:0000e220       ??_Gbad_cast@std@@UAEPAXI@Z 0041f220 f i Source.obj
 0002:0000e220       ??_Ebad_cast@std@@UAEPAXI@Z 0041f220 f i Source.obj
 0002:0000e290       ??_Gexception@std@@UAEPAXI@Z 0041f290 f i Source.obj
 0002:0000e290       ??_Eexception@std@@UAEPAXI@Z 0041f290 f i Source.obj
 0002:0000e300       ??_Eruntime_error@std@@UAEPAXI@Z 0041f300 f i Source.obj
 0002:0000e300       ??_Gruntime_error@std@@UAEPAXI@Z 0041f300 f i Source.obj
 0002:0000e370       ?_Adjust_manually_vector_aligned@std@@YAXAAPAXAAI@Z 0041f370 f i Source.obj
 0002:0000e540       ?_Adopt@_Iterator_base12@std@@QAEXPBU_Container_base12@2@@Z 0041f540 f i Source.obj
 0002:0000e6e0       ?_Alloc_sentinel_and_proxy@?$_Tree@V?$_Tmap_traits@V?$basic_string@DU?$char_traits@D@std@@V?$allocator@D@2@@std@@PAVAccount@@U?$less@V?$basic_string@DU?$char_traits@D@std@@V?$allocator@D@2@@std@@@2@V?$allocator@U?$pair@$$CBV?$basic_string@DU?$char_traits@D@std@@V?$allocator@D@2@@std@@PAVAccount@@@std@@@2@$0A@@std@@@std@@IAEXXZ 0041f6e0 f i Source.obj
 0002:0000e850       ?_Allocate@?$_Alloc_construct_ptr@V?$allocator@U?$_Tree_node@U?$pair@$$CBV?$basic_string@DU?$char_traits@D@std@@V?$allocator@D@2@@std@@PAVAccount@@@std@@PAX@std@@@std@@@std@@QAEXXZ 0041f850 f i Source.obj
 0002:0000e8d0       ?_Allocate@_Default_allocate_traits@std@@SAPAXI@Z 0041f8d0 f i Source.obj
 0002:0000e930       ?_Calculate_growth@?$basic_string@DU?$char_traits@D@std@@V?$allocator@D@2@@std@@ABEII@Z 0041f930 f i Source.obj
 0002:0000e9e0       ?_Calculate_growth@?$basic_string@DU?$char_traits@D@std@@V?$allocator@D@2@@std@@CAIIII@Z 0041f9e0 f i Source.obj
 0002:0000eb10       ?_Check_grow_by_1@?$_Tree@V?$_Tmap_traits@V?$basic_string@DU?$char_traits@D@std@@V?$allocator@D@2@@std@@PAVAccount@@U?$less@V?$basic_string@DU?$char_traits@D@std@@V?$allocator@D@2@@std@@@2@V?$allocator@U?$pair@$$CBV?$basic_string@DU?$char_traits@D@std@@V?$allocator@D@2@@std@@PAVAccount@@@std@@@2@$0A@@std@@@std@@IAEXXZ 0041fb10 f i Source.obj
 0002:0000eb90       ?_Check_offset@?$_String_val@U?$_Simple_types@D@std@@@std@@QBEXI@Z 0041fb90 f i Source.obj
 0002:0000ec00       ?_Clamp_suffix_size@?$_String_val@U?$_Simple_types@D@std@@@std@@QBEIII@Z 0041fc00 f i Source.obj
 0002:0000ecc0       ?_Construct_lv_contents@?$basic_string@DU?$char_traits@D@std@@V?$allocator@D@2@@std@@AAEXABV12@@Z 0041fcc0 f i Source.obj
 0002:0000ee90       ?_Copy_assign@?$basic_string@DU?$char_traits@D@std@@V?$allocator@D@2@@std@@AAEXABV12@U?$integral_constant@_N$0A@@2@@Z 0041fe90 f i Source.obj
 0002:0000ef30       ?_Endwrite@?$basic_filebuf@DU?$char_traits@D@std@@@std@@IAE_NXZ 0041ff30 f i Source.obj
 0002:0000f170       ?_Eos@?$basic_string@DU?$char_traits@D@std@@V?$allocator@D@2@@std@@AAEXI@Z 00420170 f i Source.obj
 0002:0000f200       ?_Equal@?$basic_string@DU?$char_traits@D@std@@V?$allocator@D@2@@std@@QBE_NQBD@Z 00420200 f i Source.obj
 0002:0000f2c0       ?_Extract@?$_In_place_key_extract_map@V?$basic_string@DU?$char_traits@D@std@@V?$allocator@D@2@@std@@U?$pair@$$CBV?$basic_string@DU?$char_traits@D@std@@V?$allocator@D@2@@std@@PAVAccount@@@2@@std@@SAABV?$basic_string@DU?$char_traits@D@std@@V?$allocator@D@2@@2@ABU?$pair@$$CBV?$basic_string@DU?$char_traits@D@std@@V?$allocator@D@2@@std@@PAVAccount@@@2@@Z 004202c0 f i Source.obj
 0002:0000f310       ?_Get_first@?$_Compressed_pair@U?$default_delete@V_Facet_base@std@@@std@@PAV_Facet_base@2@$00@std@@QAEAAU?$default_delete@V_Facet_base@std@@@2@XZ 00420310 f i Source.obj
 0002:0000f3a0       ?_Get_first@?$_Compressed_pair@U?$less@V?$basic_string@DU?$char_traits@D@std@@V?$allocator@D@2@@std@@@std@@V?$_Compressed_pair@V?$allocator@U?$_Tree_node@U?$pair@$$CBV?$basic_string@DU?$char_traits@D@std@@V?$allocator@D@2@@std@@PAVAccount@@@std@@PAX@std@@@std@@V?$_Tree_val@U?$_Tree_simple_types@U?$pair@$$CBV?$basic_string@DU?$char_traits@D@std@@V?$allocator@D@2@@std@@PAVAccount@@@std@@@std@@@2@$00@2@$00@std@@QBEABU?$less@V?$basic_string@DU?$char_traits@D@std@@V?$allocator@D@2@@std@@@2@XZ 004203a0 f i Source.obj
 0002:0000f430       ?_Get_first@?$_Compressed_pair@V?$allocator@D@std@@V?$_String_val@U?$_Simple_types@D@std@@@2@$00@std@@QAEAAV?$allocator@D@2@XZ 00420430 f i Source.obj
 0002:0000f4c0       ?_Get_first@?$_Compressed_pair@V?$allocator@D@std@@V?$_String_val@U?$_Simple_types@D@std@@@2@$00@std@@QBEABV?$allocator@D@2@XZ 004204c0 f i Source.obj
 0002:0000f550       ?_Get_first@?$_Compressed_pair@V?$allocator@U?$_Tree_node@U?$pair@$$CBV?$basic_string@DU?$char_traits@D@std@@V?$allocator@D@2@@std@@PAVAccount@@@std@@PAX@std@@@std@@V?$_Tree_val@U?$_Tree_simple_types@U?$pair@$$CBV?$basic_string@DU?$char_traits@D@std@@V?$allocator@D@2@@std@@PAVAccount@@@std@@@std@@@2@$00@std@@QAEAAV?$allocator@U?$_Tree_node@U?$pair@$$CBV?$basic_string@DU?$char_traits@D@std@@V?$allocator@D@2@@std@@PAVAccount@@@std@@PAX@std@@@2@XZ 00420550 f i Source.obj
 0002:0000f5e0       ?_Get_first@?$_Compressed_pair@V?$allocator@U?$_Tree_node@U?$pair@$$CBV?$basic_string@DU?$char_traits@D@std@@V?$allocator@D@2@@std@@PAVAccount@@@std@@PAX@std@@@std@@V?$_Tree_val@U?$_Tree_simple_types@U?$pair@$$CBV?$basic_string@DU?$char_traits@D@std@@V?$allocator@D@2@@std@@PAVAccount@@@std@@@std@@@2@$00@std@@QBEABV?$allocator@U?$_Tree_node@U?$pair@$$CBV?$basic_string@DU?$char_traits@D@std@@V?$allocator@D@2@@std@@PAVAccount@@@std@@PAX@std@@@2@XZ 004205e0 f i Source.obj
 0002:0000f670       ?_Get_scary@?$_Tree@V?$_Tmap_traits@V?$basic_string@DU?$char_traits@D@std@@V?$allocator@D@2@@std@@PAVAccount@@U?$less@V?$basic_string@DU?$char_traits@D@std@@V?$allocator@D@2@@std@@@2@V?$allocator@U?$pair@$$CBV?$basic_string@DU?$char_traits@D@std@@V?$allocator@D@2@@std@@PAVAccount@@@std@@@2@$0A@@std@@@std@@IAEPAV?$_Tree_val@U?$_Tree_simple_types@U?$pair@$$CBV?$basic_string@DU?$char_traits@D@std@@V?$allocator@D@2@@std@@PAVAccount@@@std@@@std@@@2@XZ 00420670 f i Source.obj
 0002:0000f710       ?_Get_scary@?$_Tree@V?$_Tmap_traits@V?$basic_string@DU?$char_traits@D@std@@V?$allocator@D@2@@std@@PAVAccount@@U?$less@V?$basic_string@DU?$char_traits@D@std@@V?$allocator@D@2@@std@@@2@V?$allocator@U?$pair@$$CBV?$basic_string@DU?$char_traits@D@std@@V?$allocator@D@2@@std@@PAVAccount@@@std@@@2@$0A@@std@@@std@@IBEPBV?$_Tree_val@U?$_Tree_simple_types@U?$pair@$$CBV?$basic_string@DU?$char_traits@D@std@@V?$allocator@D@2@@std@@PAVAccount@@@std@@@std@@@2@XZ 00420710 f i Source.obj
 0002:0000f7b0       ?_Getal@?$_Tree@V?$_Tmap_traits@V?$basic_string@DU?$char_traits@D@std@@V?$allocator@D@2@@std@@PAVAccount@@U?$less@V?$basic_string@DU?$char_traits@D@std@@V?$allocator@D@2@@std@@@2@V?$allocator@U?$pair@$$CBV?$basic_string@DU?$char_traits@D@std@@V?$allocator@D@2@@std@@PAVAccount@@@std@@@2@$0A@@std@@@std@@IAEAAV?$allocator@U?$_Tree_node@U?$pair@$$CBV?$basic_string@DU?$char_traits@D@std@@V?$allocator@D@2@@std@@PAVAccount@@@std@@PAX@std@@@2@XZ 004207b0 f i Source.obj
 0002:0000f840       ?_Getal@?$_Tree@V?$_Tmap_traits@V?$basic_string@DU?$char_traits@D@std@@V?$allocator@D@2@@std@@PAVAccount@@U?$less@V?$basic_string@DU?$char_traits@D@std@@V?$allocator@D@2@@std@@@2@V?$allocator@U?$pair@$$CBV?$basic_string@DU?$char_traits@D@std@@V?$allocator@D@2@@std@@PAVAccount@@@std@@@2@$0A@@std@@@std@@IBEABV?$allocator@U?$_Tree_node@U?$pair@$$CBV?$basic_string@DU?$char_traits@D@std@@V?$allocator@D@2@@std@@PAVAccount@@@std@@PAX@std@@@2@XZ 00420840 f i Source.obj
 0002:0000f8d0       ?_Getal@?$basic_string@DU?$char_traits@D@std@@V?$allocator@D@2@@std@@AAEAAV?$allocator@D@2@XZ 004208d0 f i Source.obj
 0002:0000f960       ?_Getal@?$basic_string@DU?$char_traits@D@std@@V?$allocator@D@2@@std@@ABEABV?$allocator@D@2@XZ 00420960 f i Source.obj
 0002:0000f9f0       ?_Getcomp@?$_Tree@V?$_Tmap_traits@V?$basic_string@DU?$char_traits@D@std@@V?$allocator@D@2@@std@@PAVAccount@@U?$less@V?$basic_string@DU?$char_traits@D@std@@V?$allocator@D@2@@std@@@2@V?$allocator@U?$pair@$$CBV?$basic_string@DU?$char_traits@D@std@@V?$allocator@D@2@@std@@PAVAccount@@@std@@@2@$0A@@std@@@std@@IBEABU?$less@V?$basic_string@DU?$char_traits@D@std@@V?$allocator@D@2@@std@@@2@XZ 004209f0 f i Source.obj
 0002:0000fa80       ?_Getcont@_Iterator_base12@std@@QBEPBU_Container_base12@2@XZ 00420a80 f i Source.obj
 0002:0000fb40       ?_Getfacet@locale@std@@QBEPBVfacet@12@I@Z 00420b40 f i Source.obj
 0002:0000fc30       ?_Init@?$basic_filebuf@DU?$char_traits@D@std@@@std@@IAEXPAU_iobuf@@W4_Initfl@12@@Z 00420c30 f i Source.obj
 0002:0000fe10       ?_Initcvt@?$basic_filebuf@DU?$char_traits@D@std@@@std@@IAEXABV?$codecvt@DDU_Mbstatet@@@2@@Z 00420e10 f i Source.obj
 0002:0000fec0       ?_Insert_node@?$_Tree_val@U?$_Tree_simple_types@U?$pair@$$CBV?$basic_string@DU?$char_traits@D@std@@V?$allocator@D@2@@std@@PAVAccount@@@std@@@std@@@std@@QAEPAU?$_Tree_node@U?$pair@$$CBV?$basic_string@DU?$char_traits@D@std@@V?$allocator@D@2@@std@@PAVAccount@@@std@@PAX@2@U?$_Tree_id@PAU?$_Tree_node@U?$pair@$$CBV?$basic_string@DU?$char_traits@D@std@@V?$allocator@D@2@@std@@PAVAccount@@@std@@PAX@std@@@2@QAU32@@Z 00420ec0 f i Source.obj
 0002:00010130       ?size@?$basic_string@DU?$char_traits@D@std@@V?$allocator@D@2@@std@@QBEIXZ 00421130 f i Source.obj
 0002:000101c0       ?_Large_string_engaged@?$_String_val@U?$_Simple_types@D@std@@@std@@QBE_NXZ 004211c0 f i Source.obj
 0002:00010240       ?_Lock@?$basic_filebuf@DU?$char_traits@D@std@@@std@@UAEXXZ 00421240 f i Source.obj
 0002:000102c0       ?_Lrotate@?$_Tree_val@U?$_Tree_simple_types@U?$pair@$$CBV?$basic_string@DU?$char_traits@D@std@@V?$allocator@D@2@@std@@PAVAccount@@@std@@@std@@@std@@QAEXPAU?$_Tree_node@U?$pair@$$CBV?$basic_string@DU?$char_traits@D@std@@V?$allocator@D@2@@std@@PAVAccount@@@std@@PAX@2@@Z 004212c0 f i Source.obj
 0002:000103d0       ?_Memcpy_val_from@?$basic_string@DU?$char_traits@D@std@@V?$allocator@D@2@@std@@AAEXABV12@@Z 004213d0 f i Source.obj
 0002:000104a0       ?_Min@?$_Tree_val@U?$_Tree_simple_types@U?$pair@$$CBV?$basic_string@DU?$char_traits@D@std@@V?$allocator@D@2@@std@@PAVAccount@@@std@@@std@@@std@@SAPAU?$_Tree_node@U?$pair@$$CBV?$basic_string@DU?$char_traits@D@std@@V?$allocator@D@2@@std@@PAVAccount@@@std@@PAX@2@PAU32@@Z 004214a0 f i Source.obj
 0002:00010510       ?_Myptr@?$_String_val@U?$_Simple_types@D@std@@@std@@QAEPADXZ 00421510 f i Source.obj
 0002:000105a0       ?_Myptr@?$_String_val@U?$_Simple_types@D@std@@@std@@QBEPBDXZ 004215a0 f i Source.obj
 0002:00010630       ?_Orphan_all@_Container_base12@std@@QAEXXZ 00421630 f i Source.obj
 0002:00010790       ?_Orphan_me@_Iterator_base12@std@@QAEXXZ 00421790 f i Source.obj
 0002:00010900       ?_Release@?$_Alloc_construct_ptr@V?$allocator@U?$_Tree_node@U?$pair@$$CBV?$basic_string@DU?$char_traits@D@std@@V?$allocator@D@2@@std@@PAVAccount@@@std@@PAX@std@@@std@@@std@@QAEPAU?$_Tree_node@U?$pair@$$CBV?$basic_string@DU?$char_traits@D@std@@V?$allocator@D@2@@std@@PAVAccount@@@std@@PAX@2@XZ 00421900 f i Source.obj
 0002:000109b0       ?_Release@_Basic_container_proxy_ptr12@std@@QAEXXZ 004219b0 f i Source.obj
 0002:00010a50       ?_Reset_back@?$basic_filebuf@DU?$char_traits@D@std@@@std@@AAEXXZ 00421a50 f i Source.obj
 0002:00010b00       ?_Rrotate@?$_Tree_val@U?$_Tree_simple_types@U?$pair@$$CBV?$basic_string@DU?$char_traits@D@std@@V?$allocator@D@2@@std@@PAVAccount@@@std@@@std@@@std@@QAEXPAU?$_Tree_node@U?$pair@$$CBV?$basic_string@DU?$char_traits@D@std@@V?$allocator@D@2@@std@@PAVAccount@@@std@@PAX@2@@Z 00421b00 f i Source.obj
 0002:00010c10       ?_Set_back@?$basic_filebuf@DU?$char_traits@D@std@@@std@@AAEXXZ 00421c10 f i Source.obj
 0002:00010d00       ?_Swap_proxy_and_iterators@?$basic_string@DU?$char_traits@D@std@@V?$allocator@D@2@@std@@AAEXAAV12@@Z 00421d00 f i Source.obj
 0002:00010d70       ?_Swap_proxy_and_iterators@_Container_base12@std@@QAEXAAU12@@Z 00421d70 f i Source.obj
 0002:00010ec0       ?_Take_contents@?$basic_string@DU?$char_traits@D@std@@V?$allocator@D@2@@std@@AAEXAAV12@U?$integral_constant@_N$00@2@@Z 00421ec0 f i Source.obj
 0002:00010f90       ?_Throw_bad_array_new_length@std@@YAXXZ 00421f90 f i Source.obj
 0002:00011000       ?_Throw_bad_cast@std@@YAXXZ 00422000 f i Source.obj
 0002:00011070       ?_Throw_tree_length_error@std@@YAXXZ 00422070 f i Source.obj
 0002:000110d0       ?_Tidy_deallocate@?$basic_string@DU?$char_traits@D@std@@V?$allocator@D@2@@std@@AAEXXZ 004220d0 f i Source.obj
 0002:00011210       ?_Tidy_init@?$basic_string@DU?$char_traits@D@std@@V?$allocator@D@2@@std@@AAEXXZ 00422210 f i Source.obj
 0002:000112e0       ?_Unlock@?$basic_filebuf@DU?$char_traits@D@std@@@std@@UAEXXZ 004222e0 f i Source.obj
 0002:00011360       ?_Xlen@?$basic_string@DU?$char_traits@D@std@@V?$allocator@D@2@@std@@CAXXZ 00422360 f i Source.obj
 0002:000113c0       ?_Xran@?$_String_val@U?$_Simple_types@D@std@@@std@@SAXXZ 004223c0 f i Source.obj
 0002:00011420       ?__autoclassinit2@?$_Tree_iterator@V?$_Tree_val@U?$_Tree_simple_types@U?$pair@$$CBV?$basic_string@DU?$char_traits@D@std@@V?$allocator@D@2@@std@@PAVAccount@@@std@@@std@@@std@@@std@@QAEXI@Z 00422420 f i Source.obj
 0002:00011480       ?__autoclassinit2@?$unique_ptr@V_Facet_base@std@@U?$default_delete@V_Facet_base@std@@@2@@std@@QAEXI@Z 00422480 f i Source.obj
 0002:000114e0       ?__autoclassinit2@Manager@@QAEXI@Z 004224e0 f i Source.obj
 0002:00011540       ?__empty_global_delete@@YAXPAX@Z 00422540 f i Source.obj
 0002:00011590       ?__empty_global_delete@@YAXPAXI@Z 00422590 f i Source.obj
 0002:00011590       ?__global_delete@@YAXPAXI@Z 00422590 f i Source.obj
 0002:000115e0       ?allocate@?$allocator@D@std@@QAEPADI@Z 004225e0 f i Source.obj
 0002:00011650       ?allocate@?$allocator@U?$_Tree_node@U?$pair@$$CBV?$basic_string@DU?$char_traits@D@std@@V?$allocator@D@2@@std@@PAVAccount@@@std@@PAX@std@@@std@@QAEPAU?$_Tree_node@U?$pair@$$CBV?$basic_string@DU?$char_traits@D@std@@V?$allocator@D@2@@std@@PAVAccount@@@std@@PAX@2@I@Z 00422650 f i Source.obj
 0002:000116c0       ?allocate@?$allocator@U_Container_proxy@std@@@std@@QAEPAU_Container_proxy@2@I@Z 004226c0 f i Source.obj
 0002:00011730       ?assign@?$_Narrow_char_traits@DH@std@@SAXAADABD@Z 00422730 f i Source.obj
 0002:000117c0       ?assign@?$basic_string@DU?$char_traits@D@std@@V?$allocator@D@2@@std@@QAEAAV12@ABV12@II@Z 004227c0 f i Source.obj
 0002:00011860       ?assign@?$basic_string@DU?$char_traits@D@std@@V?$allocator@D@2@@std@@QAEAAV12@QBDI@Z 00422860 f i Source.obj
 0002:00011950       ?begin@?$_Tree@V?$_Tmap_traits@V?$basic_string@DU?$char_traits@D@std@@V?$allocator@D@2@@std@@PAVAccount@@U?$less@V?$basic_string@DU?$char_traits@D@std@@V?$allocator@D@2@@std@@@2@V?$allocator@U?$pair@$$CBV?$basic_string@DU?$char_traits@D@std@@V?$allocator@D@2@@std@@PAVAccount@@@std@@@2@$0A@@std@@@std@@QAE?AV?$_Tree_iterator@V?$_Tree_val@U?$_Tree_simple_types@U?$pair@$$CBV?$basic_string@DU?$char_traits@D@std@@V?$allocator@D@2@@std@@PAVAccount@@@std@@@std@@@std@@@2@XZ 00422950 f i Source.obj
 0002:00011a10       ?c_str@?$basic_string@DU?$char_traits@D@std@@V?$allocator@D@2@@std@@QBEPBDXZ 00422a10 f i Source.obj
 0002:00011aa0       ?close@?$basic_filebuf@DU?$char_traits@D@std@@@std@@QAEPAV12@XZ 00422aa0 f i Source.obj
 0002:00011b70       ?compare@?$_Narrow_char_traits@DH@std@@SAHQBD0I@Z 00422b70 f i Source.obj
 0002:00011c10       ?compare@?$basic_string@DU?$char_traits@D@std@@V?$allocator@D@2@@std@@QBEHABV12@@Z 00422c10 f i Source.obj
 0002:00011cd0       ?convert@Manager@@QAE?AW4accounttype@@AAV?$basic_string@DU?$char_traits@D@std@@V?$allocator@D@2@@std@@@Z 00422cd0 f i Source.obj
 0002:00012020       ?copy@?$_Narrow_char_traits@DH@std@@SAPADQADQBDI@Z 00423020 f i Source.obj
 0002:000120c0       ?count@?$_Tree@V?$_Tmap_traits@V?$basic_string@DU?$char_traits@D@std@@V?$allocator@D@2@@std@@PAVAccount@@U?$less@V?$basic_string@DU?$char_traits@D@std@@V?$allocator@D@2@@std@@@2@V?$allocator@U?$pair@$$CBV?$basic_string@DU?$char_traits@D@std@@V?$allocator@D@2@@std@@PAVAccount@@@std@@@2@$0A@@std@@@std@@QBEIABV?$basic_string@DU?$char_traits@D@std@@V?$allocator@D@2@@2@@Z 004230c0 f i Source.obj
 0002:00012150       ?create@Manager@@QAEPAVAccount@@XZ 00423150 f i Source.obj
 0002:000128d0       ?overflow@?$basic_filebuf@DU?$char_traits@D@std@@@std@@MAEHH@Z 004238d0 f i Source.obj
 0002:00012be0       ?data@?$basic_string@DU?$char_traits@D@std@@V?$allocator@D@2@@std@@QBEPBDXZ 00423be0 f i Source.obj
 0002:00012c70       ?deallocate@?$_Default_allocator_traits@V?$allocator@U?$_Tree_node@U?$pair@$$CBV?$basic_string@DU?$char_traits@D@std@@V?$allocator@D@2@@std@@PAVAccount@@@std@@PAX@std@@@std@@@std@@SAXAAV?$allocator@U?$_Tree_node@U?$pair@$$CBV?$basic_string@DU?$char_traits@D@std@@V?$allocator@D@2@@std@@PAVAccount@@@std@@PAX@std@@@2@QAU?$_Tree_node@U?$pair@$$CBV?$basic_string@DU?$char_traits@D@std@@V?$allocator@D@2@@std@@PAVAccount@@@std@@PAX@2@I@Z 00423c70 f i Source.obj
 0002:00012cd0       ?deallocate@?$_Default_allocator_traits@V?$allocator@U_Container_proxy@std@@@std@@@std@@SAXAAV?$allocator@U_Container_proxy@std@@@2@QAU_Container_proxy@2@I@Z 00423cd0 f i Source.obj
 0002:00012d40       ?deallocate@?$allocator@D@std@@QAEXQADI@Z 00423d40 f i Source.obj
 0002:00012db0       ?deallocate@?$allocator@U?$_Tree_node@U?$pair@$$CBV?$basic_string@DU?$char_traits@D@std@@V?$allocator@D@2@@std@@PAVAccount@@@std@@PAX@std@@@std@@QAEXQAU?$_Tree_node@U?$pair@$$CBV?$basic_string@DU?$char_traits@D@std@@V?$allocator@D@2@@std@@PAVAccount@@@std@@PAX@2@I@Z 00423db0 f i Source.obj
 0002:00012e20       ?end@?$_Tree@V?$_Tmap_traits@V?$basic_string@DU?$char_traits@D@std@@V?$allocator@D@2@@std@@PAVAccount@@U?$less@V?$basic_string@DU?$char_traits@D@std@@V?$allocator@D@2@@std@@@2@V?$allocator@U?$pair@$$CBV?$basic_string@DU?$char_traits@D@std@@V?$allocator@D@2@@std@@PAVAccount@@@std@@@2@$0A@@std@@@std@@QAE?AV?$_Tree_iterator@V?$_Tree_val@U?$_Tree_simple_types@U?$pair@$$CBV?$basic_string@DU?$char_traits@D@std@@V?$allocator@D@2@@std@@PAVAccount@@@std@@@std@@@std@@@2@XZ 00423e20 f i Source.obj
 0002:00012ee0       ?eof@?$_Narrow_char_traits@DH@std@@SAHXZ 00423ee0 f i Source.obj
 0002:00012f70       ?eq_int_type@?$_Narrow_char_traits@DH@std@@SA_NABH0@Z 00423f70 f i Source.obj
 0002:00013030       ?erase@?$basic_string@DU?$char_traits@D@std@@V?$allocator@D@2@@std@@QAEAAV12@I@Z 00424030 f i Source.obj
 0002:000130b0       ?erase@?$basic_string@DU?$char_traits@D@std@@V?$allocator@D@2@@std@@QAEAAV12@II@Z 004240b0 f i Source.obj
 0002:00013190       ?find@?$_Tree@V?$_Tmap_traits@V?$basic_string@DU?$char_traits@D@std@@V?$allocator@D@2@@std@@PAVAccount@@U?$less@V?$basic_string@DU?$char_traits@D@std@@V?$allocator@D@2@@std@@@2@V?$allocator@U?$pair@$$CBV?$basic_string@DU?$char_traits@D@std@@V?$allocator@D@2@@std@@PAVAccount@@@std@@@2@$0A@@std@@@std@@QAE?AV?$_Tree_iterator@V?$_Tree_val@U?$_Tree_simple_types@U?$pair@$$CBV?$basic_string@DU?$char_traits@D@std@@V?$allocator@D@2@@std@@PAVAccount@@@std@@@std@@@std@@@2@ABV?$basic_string@DU?$char_traits@D@std@@V?$allocator@D@2@@2@@Z 00424190 f i Source.obj
 0002:00013230       ?fixed@std@@YAAAVios_base@1@AAV21@@Z 00424230 f i Source.obj
 0002:00013290       ?push_back@?$basic_string@DU?$char_traits@D@std@@V?$allocator@D@2@@std@@QAEXD@Z 00424290 f i Source.obj
 0002:00013360       ?sync@?$basic_filebuf@DU?$char_traits@D@std@@@std@@MAEHXZ 00424360 f i Source.obj
 0002:00013420       ?get_balance@Account@@QAENXZ 00424420 f i Source.obj
 0002:000134b0       ?get_code@Account@@QAE?AV?$basic_string@DU?$char_traits@D@std@@V?$allocator@D@2@@std@@XZ 004244b0 f i Source.obj
 0002:00013540       ?get_first_name@Account@@QAE?AV?$basic_string@DU?$char_traits@D@std@@V?$allocator@D@2@@std@@XZ 00424540 f i Source.obj
 0002:000135d0       ?get_last_name@Account@@QAE?AV?$basic_string@DU?$char_traits@D@std@@V?$allocator@D@2@@std@@XZ 004245d0 f i Source.obj
 0002:00013640       ?imbue@?$basic_filebuf@DU?$char_traits@D@std@@@std@@MAEXABVlocale@2@@Z 00424640 f i Source.obj
 0002:000136d0       ?length@?$_Narrow_char_traits@DH@std@@SAIQBD@Z 004246d0 f i Source.obj
 0002:00013760       ?length@?$basic_string@DU?$char_traits@D@std@@V?$allocator@D@2@@std@@QBEIXZ 00424760 f i Source.obj
 0002:000137f0       ?max@?$numeric_limits@H@std@@SAHXZ 004247f0 f i Source.obj
 0002:00013880       ?max_size@?$_Default_allocator_traits@V?$allocator@D@std@@@std@@SAIABV?$allocator@D@2@@Z 00424880 f i Source.obj
 0002:00013910       ?max_size@?$_Default_allocator_traits@V?$allocator@U?$_Tree_node@U?$pair@$$CBV?$basic_string@DU?$char_traits@D@std@@V?$allocator@D@2@@std@@PAVAccount@@@std@@PAX@std@@@std@@@std@@SAIABV?$allocator@U?$_Tree_node@U?$pair@$$CBV?$basic_string@DU?$char_traits@D@std@@V?$allocator@D@2@@std@@PAVAccount@@@std@@PAX@std@@@2@@Z 00424910 f i Source.obj
 0002:000139e0       ?max_size@?$_Tree@V?$_Tmap_traits@V?$basic_string@DU?$char_traits@D@std@@V?$allocator@D@2@@std@@PAVAccount@@U?$less@V?$basic_string@DU?$char_traits@D@std@@V?$allocator@D@2@@std@@@2@V?$allocator@U?$pair@$$CBV?$basic_string@DU?$char_traits@D@std@@V?$allocator@D@2@@std@@PAVAccount@@@std@@@2@$0A@@std@@@std@@QBEIXZ 004249e0 f i Source.obj
 0002:00013a90       ?seekpos@?$basic_filebuf@DU?$char_traits@D@std@@@std@@MAE?AV?$fpos@U_Mbstatet@@@2@V32@H@Z 00424a90 f i Source.obj
 0002:00013c10       ?monthly_update@BalancedAcc@@UAEXXZ 00424c10 f i Source.obj
 0002:00013d40       ?monthly_update@ServiceAcc@@UAEXXZ 00424d40 f i Source.obj
 0002:00013db0       ?monthly_update@SimpleAcc@@UAEXXZ 00424db0 f i Source.obj
 0002:00013e50       ?move@?$_Narrow_char_traits@DH@std@@SAPADQADQBDI@Z 00424e50 f i Source.obj
 0002:00013f30       ?not_eof@?$_Narrow_char_traits@DH@std@@SAHABH@Z 00424f30 f i Source.obj
 0002:00014080       ?open@?$basic_filebuf@DU?$char_traits@D@std@@@std@@QAEPAV12@PBDHH@Z 00425080 f i Source.obj
 0002:00014190       ?pbackfail@?$basic_filebuf@DU?$char_traits@D@std@@@std@@MAEHH@Z 00425190 f i Source.obj
 0002:00014370       ?process@Manager@@QAEXXZ   00425370 f i Source.obj
 0002:000146f0       ?pointer_to@?$pointer_traits@PAU?$pair@$$CBV?$basic_string@DU?$char_traits@D@std@@V?$allocator@D@2@@std@@PAVAccount@@@std@@@std@@SAPAU?$pair@$$CBV?$basic_string@DU?$char_traits@D@std@@V?$allocator@D@2@@std@@PAVAccount@@@2@AAU32@@Z 004256f0 f i Source.obj
 0002:00014770       ?stod@std@@YANABV?$basic_string@DU?$char_traits@D@std@@V?$allocator@D@2@@1@PAI@Z 00425770 f i Source.obj
 0002:00014870       ?uflow@?$basic_filebuf@DU?$char_traits@D@std@@@std@@MAEHXZ 00425870 f i Source.obj
 0002:00014cc0       ?release@?$unique_ptr@V_Facet_base@std@@U?$default_delete@V_Facet_base@std@@@2@@std@@QAEPAV_Facet_base@2@XZ 00425cc0 f i Source.obj
 0002:00014e90       ?seekoff@?$basic_filebuf@DU?$char_traits@D@std@@@std@@MAE?AV?$fpos@U_Mbstatet@@@2@_JHH@Z 00425e90 f i Source.obj
 0002:00015050       ?select_on_container_copy_construction@?$_Default_allocator_traits@V?$allocator@D@std@@@std@@SA?AV?$allocator@D@2@ABV32@@Z 00426050 f i Source.obj
 0002:000150c0       ?set_balance@Account@@QAEXABN@Z 004260c0 f i Source.obj
 0002:00015130       ?set_code@Account@@QAEXABV?$basic_string@DU?$char_traits@D@std@@V?$allocator@D@2@@std@@@Z 00426130 f i Source.obj
 0002:000151a0       ?set_first_name@Account@@QAEXABV?$basic_string@DU?$char_traits@D@std@@V?$allocator@D@2@@std@@@Z 004261a0 f i Source.obj
 0002:00015210       ?set_last_name@Account@@QAEXABV?$basic_string@DU?$char_traits@D@std@@V?$allocator@D@2@@std@@@Z 00426210 f i Source.obj
 0002:00015270       ?underflow@?$basic_filebuf@DU?$char_traits@D@std@@@std@@MAEHXZ 00426270 f i Source.obj
 0002:000153f0       ?state@?$fpos@U_Mbstatet@@@std@@QBE?AU_Mbstatet@@XZ 004263f0 f i Source.obj
 0002:00015450       ?xsputn@?$basic_filebuf@DU?$char_traits@D@std@@@std@@MAE_JPBD_J@Z 00426450 f i Source.obj
 0002:000155e0       ?substr@?$basic_string@DU?$char_traits@D@std@@V?$allocator@D@2@@std@@QBE?AV12@II@Z 004265e0 f i Source.obj
 0002:00015760       ?to_char_type@?$_Narrow_char_traits@DH@std@@SADABH@Z 00426760 f i Source.obj
 0002:000157f0       ?to_int_type@?$_Narrow_char_traits@DH@std@@SAHABD@Z 004267f0 f i Source.obj
 0002:00016660       ?xsgetn@?$basic_filebuf@DU?$char_traits@D@std@@@std@@MAE_JPAD_J@Z 00427660 f i Source.obj
 0002:00016890       ?type@BalancedAcc@@UBEDXZ  00427890 f i Source.obj
 0002:000168f0       ?type@BonusAcc@@UBEDXZ     004278f0 f i Source.obj
 0002:00016950       ?type@ServiceAcc@@UBEDXZ   00427950 f i Source.obj
 0002:000169b0       ?type@SimpleAcc@@UBEDXZ    004279b0 f i Source.obj
 0002:00016a00       _main                      00427a00 f   Source.obj
 0002:00017060       ?what@exception@std@@UBEPBDXZ 00428060 f i Source.obj
 0002:00017520       __JustMyCode_Default       00428520 f i Source.obj
 0002:000176e0       ??$_Traits_find_first_not_of@U?$char_traits@D@std@@@std@@YAIQBDII0IU?$integral_constant@_N$00@0@@Z 004286e0 f i StaticLib:trim.obj
 0002:000178b0       ??$_Traits_find_first_not_of@U?$char_traits@D@std@@@std@@YAIQBDII0IU?$integral_constant@_N$0A@@0@@Z 004288b0 f i StaticLib:trim.obj
 0002:000179a0       ??$_Traits_find_last_not_of@U?$char_traits@D@std@@@std@@YAIQBDII0IU?$integral_constant@_N$00@0@@Z 004289a0 f i StaticLib:trim.obj
 0002:00017b80       ??$_Traits_find_last_not_of@U?$char_traits@D@std@@@std@@YAIQBDII0IU?$integral_constant@_N$0A@@0@@Z 00428b80 f i StaticLib:trim.obj
 0002:00017c80       ??0?$_String_bitmap@D$00@std@@QAE@XZ 00428c80 f i StaticLib:trim.obj
 0002:00017ce0       ?_Mark@?$_String_bitmap@D$00@std@@QAE_NPBDQBD@Z 00428ce0 f i StaticLib:trim.obj
 0002:00017d60       ?_Match@?$_String_bitmap@D$00@std@@QBE_ND@Z 00428d60 f i StaticLib:trim.obj
 0002:00017dc0       ?find@?$_Narrow_char_traits@DH@std@@SAPBDQBDIABD@Z 00428dc0 f i StaticLib:trim.obj
 0002:00017e60       ?find_first_not_of@?$basic_string@DU?$char_traits@D@std@@V?$allocator@D@2@@std@@QBEIQBDI@Z 00428e60 f i StaticLib:trim.obj
 0002:00017f30       ?find_last_not_of@?$basic_string@DU?$char_traits@D@std@@V?$allocator@D@2@@std@@QBEIQBDI@Z 00428f30 f i StaticLib:trim.obj
 0002:00018000       ?trim@generic@@YA?AV?$basic_string@DU?$char_traits@D@std@@V?$allocator@D@2@@std@@ABV23@@Z 00429000 f   StaticLib:trim.obj
 0002:00018110       ?trim_left@generic@@YA?AV?$basic_string@DU?$char_traits@D@std@@V?$allocator@D@2@@std@@ABV23@@Z 00429110 f   StaticLib:trim.obj
[...]
 0003:00005c28       __ehfuncinfo$??$_Freenode0@V?$allocator@U?$_Tree_node@U?$pair@$$CBV?$basic_string@DU?$char_traits@D@std@@V?$allocator@D@2@@std@@PAVAccount@@@std@@PAX@std@@@std@@@?$_Tree_node@U?$pair@$$CBV?$basic_string@DU?$char_traits@D@std@@V?$allocator@D@2@@std@@PAVAccount@@@std@@PAX@std@@SAXAAV?$allocator@U?$_Tree_node@U?$pair@$$CBV?$basic_string@DU?$char_traits@D@std@@V?$allocator@D@2@@std@@PAVAccount@@@std@@PAX@std@@@1@PAU01@@Z 00439c28     Source.obj
 0003:00005c50       __ehfuncinfo$??$_Deallocate_plain@V?$allocator@U_Container_proxy@std@@@std@@@std@@YAXAAV?$allocator@U_Container_proxy@std@@@0@QAU_Container_proxy@0@@Z 00439c50     Source.obj
 0003:00005c78       __ehfuncinfo$??$forward@V?$allocator@D@std@@@std@@YA$$QAV?$allocator@D@0@AAV10@@Z 00439c78     Source.obj
 0003:00005ca0       __ehfuncinfo$??$forward@ABU?$less@V?$basic_string@DU?$char_traits@D@std@@V?$allocator@D@2@@std@@@std@@@std@@YAABU?$less@V?$basic_string@DU?$char_traits@D@std@@V?$allocator@D@2@@std@@@0@ABU10@@Z 00439ca0     Source.obj
 0003:00005cc8       __ehfuncinfo$??$forward@U_Zero_then_variadic_args_t@std@@@std@@YA$$QAU_Zero_then_variadic_args_t@0@AAU10@@Z 00439cc8     Source.obj
 0003:00005cf0       __ehfuncinfo$??$addressof@PAD@std@@YAPAPADAAPAD@Z 00439cf0     Source.obj
 0003:00005d18       __ehfuncinfo$??$forward@ABQAD@std@@YAABQADABQAD@Z 00439d18     Source.obj
 0003:00005d40       __ehfuncinfo$??$forward@ABV?$allocator@D@std@@@std@@YAABV?$allocator@D@0@ABV10@@Z 00439d40     Source.obj
 0003:00005d68       __ehfuncinfo$??$_Construct_in_place@PAU?$_Tree_node@U?$pair@$$CBV?$basic_string@DU?$char_traits@D@std@@V?$allocator@D@2@@std@@PAVAccount@@@std@@PAX@std@@ABQAU12@@std@@YAXAAPAU?$_Tree_node@U?$pair@$$CBV?$basic_string@DU?$char_traits@D@std@@V?$allocator@D@2@@std@@PAVAccount@@@std@@PAX@0@ABQAU10@@Z 00439d68     Source.obj
 0003:00005d90       __ehfuncinfo$??$_Destroy_in_place@PAU?$_Tree_node@U?$pair@$$CBV?$basic_string@DU?$char_traits@D@std@@V?$allocator@D@2@@std@@PAVAccount@@@std@@PAX@std@@@std@@YAXAAPAU?$_Tree_node@U?$pair@$$CBV?$basic_string@DU?$char_traits@D@std@@V?$allocator@D@2@@std@@PAVAccount@@@std@@PAX@0@@Z 00439d90     Source.obj
 0003:00005db8       __ehfuncinfo$??$addressof@$$CBV?$_Tree_val@U?$_Tree_simple_types@U?$pair@$$CBV?$basic_string@DU?$char_traits@D@std@@V?$allocator@D@2@@std@@PAVAccount@@@std@@@std@@@std@@@std@@YAPBV?$_Tree_val@U?$_Tree_simple_types@U?$pair@$$CBV?$basic_string@DU?$char_traits@D@std@@V?$allocator@D@2@@std@@PAVAccount@@@std@@@std@@@0@ABV10@@Z 00439db8     Source.obj
 0003:00005de0       __ehfuncinfo$??$_Traits_equal@U?$char_traits@D@std@@@std@@YA_NQBDI0I@Z 00439de0     Source.obj
 0003:00005e08       __ehfuncinfo$??1_Sentry_base@?$basic_istream@DU?$char_traits@D@std@@@std@@QAE@XZ 00439e08     Source.obj
 0003:00005e30       __unwindtable$??0sentry@?$basic_istream@DU?$char_traits@D@std@@@std@@QAE@AAV12@_N@Z 00439e30     Source.obj
 0003:00005e38       __ehfuncinfo$??0sentry@?$basic_istream@DU?$char_traits@D@std@@@std@@QAE@AAV12@_N@Z 00439e38     Source.obj
 0003:00005e60       __ehfuncinfo$??$?0AAPAU?$_Tree_node@U?$pair@$$CBV?$basic_string@DU?$char_traits@D@std@@V?$allocator@D@2@@std@@PAVAccount@@@std@@PAX@std@@_N$0A@@?$pair@PAU?$_Tree_node@U?$pair@$$CBV?$basic_string@DU?$char_traits@D@std@@V?$allocator@D@2@@std@@PAVAccount@@@std@@PAX@std@@_N@std@@QAE@AAPAU?$_Tree_node@U?$pair@$$CBV?$basic_string@DU?$char_traits@D@std@@V?$allocator@D@2@@std@@PAVAccount@@@std@@PAX@1@$$QA_N@Z 00439e60     Source.obj
 0003:00005e88       __ehfuncinfo$??$forward@U?$pair@$$CBV?$basic_string@DU?$char_traits@D@std@@V?$allocator@D@2@@std@@PAVAccount@@@std@@@std@@YA$$QAU?$pair@$$CBV?$basic_string@DU?$char_traits@D@std@@V?$allocator@D@2@@std@@PAVAccount@@@0@AAU10@@Z 00439e88     Source.obj
 0003:00005eb0       __unwindtable$??$?0U?$pair@$$CBV?$basic_string@DU?$char_traits@D@std@@V?$allocator@D@2@@std@@PAVAccount@@@std@@@?$_Tree_temp_node@V?$allocator@U?$_Tree_node@U?$pair@$$CBV?$basic_string@DU?$char_traits@D@std@@V?$allocator@D@2@@std@@PAVAccount@@@std@@PAX@std@@@std@@@std@@QAE@AAV?$allocator@U?$_Tree_node@U?$pair@$$CBV?$basic_string@DU?$char_traits@D@std@@V?$allocator@D@2@@std@@PAVAccount@@@std@@PAX@std@@@1@PAU?$_Tree_node@U?$pair@$$CBV?$basic_string@DU?$char_traits@D@std@@V?$allocator@D@2@@std@@PAVAccount@@@std@@PAX@1@$$QAU?$pair@$$CBV?$basic_string@DU?$char_traits@D@std@@V?$allocator@D@2@@std@@PAVAccount@@@1@@Z 00439eb0     Source.obj
 0003:00005eb8       __ehfuncinfo$??$?0U?$pair@$$CBV?$basic_string@DU?$char_traits@D@std@@V?$allocator@D@2@@std@@PAVAccount@@@std@@@?$_Tree_temp_node@V?$allocator@U?$_Tree_node@U?$pair@$$CBV?$basic_string@DU?$char_traits@D@std@@V?$allocator@D@2@@std@@PAVAccount@@@std@@PAX@std@@@std@@@std@@QAE@AAV?$allocator@U?$_Tree_node@U?$pair@$$CBV?$basic_string@DU?$char_traits@D@std@@V?$allocator@D@2@@std@@PAVAccount@@@std@@PAX@std@@@1@PAU?$_Tree_node@U?$pair@$$CBV?$basic_string@DU?$char_traits@D@std@@V?$allocator@D@2@@std@@PAVAccount@@@std@@PAX@1@$$QAU?$pair@$$CBV?$basic_string@DU?$char_traits@D@std@@V?$allocator@D@2@@std@@PAVAccount@@@1@@Z 00439eb8     Source.obj
 0003:00005ee0       __ehfuncinfo$??$forward@V?$_Tree_iterator@V?$_Tree_val@U?$_Tree_simple_types@U?$pair@$$CBV?$basic_string@DU?$char_traits@D@std@@V?$allocator@D@2@@std@@PAVAccount@@@std@@@std@@@std@@@std@@@std@@YA$$QAV?$_Tree_iterator@V?$_Tree_val@U?$_Tree_simple_types@U?$pair@$$CBV?$basic_string@DU?$char_traits@D@std@@V?$allocator@D@2@@std@@PAVAccount@@@std@@@std@@@std@@@0@AAV10@@Z 00439ee0     Source.obj
 0003:00005f08       __ehfuncinfo$??$forward@AB_N@std@@YAAB_NAB_N@Z 00439f08     Source.obj
 0003:00005f30       __ehfuncinfo$??$forward@ABQAU?$_Tree_node@U?$pair@$$CBV?$basic_string@DU?$char_traits@D@std@@V?$allocator@D@2@@std@@PAVAccount@@@std@@PAX@std@@@std@@YAABQAU?$_Tree_node@U?$pair@$$CBV?$basic_string@DU?$char_traits@D@std@@V?$allocator@D@2@@std@@PAVAccount@@@std@@PAX@0@ABQAU10@@Z 00439f30     Source.obj
 0003:00005f58       __ehfuncinfo$??$forward@_N@std@@YA$$QA_NAA_N@Z 00439f58     Source.obj
 0003:00005f80       __ehfuncinfo$??$?0V?$basic_string@DU?$char_traits@D@std@@V?$allocator@D@2@@std@@$$V$0A@@?$tuple@$$QAV?$basic_string@DU?$char_traits@D@std@@V?$allocator@D@2@@std@@@std@@QAE@$$QAV?$basic_string@DU?$char_traits@D@std@@V?$allocator@D@2@@1@@Z 00439f80     Source.obj
 0003:00005fa8       __ehfuncinfo$??$forward@ABUpiecewise_construct_t@std@@@std@@YAABUpiecewise_construct_t@0@ABU10@@Z 00439fa8     Source.obj
 0003:00005fd0       __ehfuncinfo$??$forward@V?$tuple@$$QAV?$basic_string@DU?$char_traits@D@std@@V?$allocator@D@2@@std@@@std@@@std@@YA$$QAV?$tuple@$$QAV?$basic_string@DU?$char_traits@D@std@@V?$allocator@D@2@@std@@@0@AAV10@@Z 00439fd0     Source.obj
 0003:00005ff8       __ehfuncinfo$??$forward@V?$tuple@$$V@std@@@std@@YA$$QAV?$tuple@$$V@0@AAV10@@Z 00439ff8     Source.obj
 0003:00006020       __ehfuncinfo$??$_Construct_in_place@PAU?$_Tree_node@U?$pair@$$CBV?$basic_string@DU?$char_traits@D@std@@V?$allocator@D@2@@std@@PAVAccount@@@std@@PAX@std@@AAPAU12@@std@@YAXAAPAU?$_Tree_node@U?$pair@$$CBV?$basic_string@DU?$char_traits@D@std@@V?$allocator@D@2@@std@@PAVAccount@@@std@@PAX@0@0@Z 0043a020     Source.obj
 0003:00006048       __ehfuncinfo$??$forward@PAU?$_Tree_node@U?$pair@$$CBV?$basic_string@DU?$char_traits@D@std@@V?$allocator@D@2@@std@@PAVAccount@@@std@@PAX@std@@@std@@YA$$QAPAU?$_Tree_node@U?$pair@$$CBV?$basic_string@DU?$char_traits@D@std@@V?$allocator@D@2@@std@@PAVAccount@@@std@@PAX@0@AAPAU10@@Z 0043a048     Source.obj
 0003:00006070       __ehfuncinfo$??$_Freenode@V?$allocator@U?$_Tree_node@U?$pair@$$CBV?$basic_string@DU?$char_traits@D@std@@V?$allocator@D@2@@std@@PAVAccount@@@std@@PAX@std@@@std@@@?$_Tree_node@U?$pair@$$CBV?$basic_string@DU?$char_traits@D@std@@V?$allocator@D@2@@std@@PAVAccount@@@std@@PAX@std@@SAXAAV?$allocator@U?$_Tree_node@U?$pair@$$CBV?$basic_string@DU?$char_traits@D@std@@V?$allocator@D@2@@std@@PAVAccount@@@std@@PAX@std@@@1@PAU01@@Z 0043a070     Source.obj
 0003:00006098       __ehfuncinfo$??$addressof@PAU?$_Tree_node@U?$pair@$$CBV?$basic_string@DU?$char_traits@D@std@@V?$allocator@D@2@@std@@PAVAccount@@@std@@PAX@std@@@std@@YAPAPAU?$_Tree_node@U?$pair@$$CBV?$basic_string@DU?$char_traits@D@std@@V?$allocator@D@2@@std@@PAVAccount@@@std@@PAX@0@AAPAU10@@Z 0043a098     Source.obj
 0003:000060c0       __ehfuncinfo$??$?MDU?$char_traits@D@std@@V?$allocator@D@1@@std@@YA_NABV?$basic_string@DU?$char_traits@D@std@@V?$allocator@D@2@@0@0@Z 0043a0c0     Source.obj
 0003:000060e8       __ehfuncinfo$??$forward@AAPAV_Facet_base@std@@@std@@YAAAPAV_Facet_base@0@AAPAV10@@Z 0043a0e8     Source.obj
 0003:00006110       __ehfuncinfo$??$forward@AAPAU?$_Tree_node@U?$pair@$$CBV?$basic_string@DU?$char_traits@D@std@@V?$allocator@D@2@@std@@PAVAccount@@@std@@PAX@std@@@std@@YAAAPAU?$_Tree_node@U?$pair@$$CBV?$basic_string@DU?$char_traits@D@std@@V?$allocator@D@2@@std@@PAVAccount@@@std@@PAX@0@AAPAU10@@Z 0043a110     Source.obj
 0003:00006138       __ehfuncinfo$??$?0U_Exact_args_t@std@@$0A@@?$tuple@$$V@std@@QAE@U_Exact_args_t@1@@Z 0043a138     Source.obj
 0003:00006160       __ehfuncinfo$??$move@AAV?$tuple@$$QAV?$basic_string@DU?$char_traits@D@std@@V?$allocator@D@2@@std@@@std@@@std@@YA$$QAV?$tuple@$$QAV?$basic_string@DU?$char_traits@D@std@@V?$allocator@D@2@@std@@@0@AAV10@@Z 0043a160     Source.obj
 0003:00006188       __ehfuncinfo$??$get@$0A@$$QAV?$basic_string@DU?$char_traits@D@std@@V?$allocator@D@2@@std@@@std@@YA$$QAV?$basic_string@DU?$char_traits@D@std@@V?$allocator@D@2@@0@$$QAV?$tuple@$$QAV?$basic_string@DU?$char_traits@D@std@@V?$allocator@D@2@@std@@@0@@Z 0043a188     Source.obj
 0003:000062c0       __ehfuncinfo$?find@?$_Narrow_char_traits@DH@std@@SAPBDQBDIABD@Z 0043a2c0     StaticLib:trim.obj
 0003:000062e8       __ehfuncinfo$?find_first_not_of@?$basic_string@DU?$char_traits@D@std@@V?$allocator@D@2@@std@@QBEIQBDI@Z 0043a2e8     StaticLib:trim.obj
 0003:00006310       __ehfuncinfo$?find_last_not_of@?$basic_string@DU?$char_traits@D@std@@V?$allocator@D@2@@std@@QBEIQBDI@Z 0043a310     StaticLib:trim.obj
 0003:00006338       __ehfuncinfo$??$_Traits_find_last_not_of@U?$char_traits@D@std@@@std@@YAIQBDII0IU?$integral_constant@_N$00@0@@Z 0043a338     StaticLib:trim.obj
 0003:00006360       __ehfuncinfo$??$_Traits_find_last_not_of@U?$char_traits@D@std@@@std@@YAIQBDII0IU?$integral_constant@_N$0A@@0@@Z 0043a360     StaticLib:trim.obj
 0003:00006388       __ehfuncinfo$??$_Traits_find_first_not_of@U?$char_traits@D@std@@@std@@YAIQBDII0IU?$integral_constant@_N$00@0@@Z 0043a388     StaticLib:trim.obj
 0003:000063b0       __ehfuncinfo$??$_Traits_find_first_not_of@U?$char_traits@D@std@@@std@@YAIQBDII0IU?$integral_constant@_N$0A@@0@@Z 0043a3b0     StaticLib:trim.obj
 0003:000063d8       __unwindtable$?_Facet_Register@std@@YAXPAV_Facet_base@1@@Z 0043a3d8     msvcprtd:locale0_implib.obj
 0003:000063e0       __ehfuncinfo$?_Facet_Register@std@@YAXPAV_Facet_base@1@@Z 0043a3e0     msvcprtd:locale0_implib.obj
 0003:00006408       __sehtable$?__scrt_common_main_seh@@YAHXZ 0043a408     MSVCRTD:exe_main.obj
 0003:00006428       __sehtable$___scrt_is_nonwritable_in_current_image 0043a428     MSVCRTD:utility.obj
 0003:00006470       __sehtable$?notify_debugger@@YAXABUtagEXCEPTION_VISUALCPP_DEBUG_INFO@@@Z 0043a470     MSVCRTD:error.obj
 0004:00000614       ?_Fac_tidy_reg@std@@3U_Fac_tidy_reg_t@1@B 0043b614     msvcprtd:locale0_implib.obj
 0004:00000618       ?_Fac_head@std@@3PAU_Fac_node@1@A 0043b618     msvcprtd:locale0_implib.obj
 0004:0000061d       ?init@?1??_RTC_InitBase@@9@4_NA 0043b61d     MSVCRTD:init.obj
 0004:00000628       ?is_initialized_as_dll@@3_NA 0043b628     MSVCRTD:utility.obj
 0004:00000629       ?module_local_atexit_table_initialized@@3_NA 0043b629     MSVCRTD:utility.obj
 0004:0000062c       ?module_local_atexit_table@@3U_onexit_table_t@@A 0043b62c     MSVCRTD:utility.obj
 0004:00000638       ?module_local_at_quick_exit_table@@3U_onexit_table_t@@A 0043b638     MSVCRTD:utility.obj
 0004:00000660       _GS_ExceptionRecord        0043b660     MSVCRTD:gs_report.obj
 0004:000006b0       _GS_ContextRecord          0043b6b0     MSVCRTD:gs_report.obj
 0004:00000a1c       ?_RTC_ErrorReportFunc@@3P6AHHPBDH00ZZA 0043ba1c     MSVCRTD:userapi.obj
 0004:00000a20       ?_RTC_ErrorReportFuncW@@3P6AHHPB_WH00ZZA 0043ba20     MSVCRTD:userapi.obj
 0004:00000a54       ?mspdb@@3PAUHINSTANCE__@@A 0043ba54     MSVCRTD:pdblkup.obj
 0004:00000a58       ?alreadyTried@?1??GetPdbDll@@YAPAUHINSTANCE__@@XZ@4_NA 0043ba58     MSVCRTD:pdblkup.obj
 0004:00000a59       ?PDBOK@?1??_RTC_GetSrcLine@@YAHPAEPA_WKPAH1K@Z@4_NA 0043ba59     MSVCRTD:pdblkup.obj
 0005:0000165e       .idata$6                   0043d65e     msvcprtd:MSVCP140D.dll
 0005:000017de       .idata$6                   0043d7de     vcruntimed:VCRUNTIME140D.dll
 0005:00001b7e       .idata$6                   0043db7e     ucrtd:ucrtbased.dll
 0005:00001d62       .idata$6                   0043dd62     kernel32:KERNEL32.dll
 0006:00000000       __0A074437_vcruntime_new@h 0043f000     Source.obj
 0006:00000001       __F66CEB67_corecrt_stdio_config@h 0043f001     Source.obj
 0006:00000002       __101834BA_corecrt_wstdio@h 0043f002     Source.obj
 0006:00000003       __AD6A91B7_stdio@h         0043f003     Source.obj
 0006:00000004       __367CC694_corecrt_memcpy_s@h 0043f004     Source.obj
 0006:00000005       __35D7DDB3_corecrt_memory@h 0043f005     Source.obj
 0006:00000006       __DC9673E3_corecrt_wstring@h 0043f006     Source.obj
 0006:00000007       __A29A7DFB_string@h        0043f007     Source.obj
 0006:00000008       __5467428D_corecrt_wconio@h 0043f008     Source.obj
 0006:00000009       __4442441F_corecrt_wio@h   0043f009     Source.obj
 0006:0000000a       __45F4AF76_corecrt_wtime@h 0043f00a     Source.obj
 0006:0000000b       __186FF47F_stat@h          0043f00b     Source.obj
 0006:0000000c       __534C724A_wchar@h         0043f00c     Source.obj
 0006:0000000d       __09340588_corecrt_math@h  0043f00d     Source.obj
 0006:0000000e       __24E9E95F_stdlib@h        0043f00e     Source.obj
 0006:0000000f       __86D65F0C_cstdlib         0043f00f     Source.obj
 0006:00000010       __843B0F21_limits          0043f010     Source.obj
 0006:00000011       __FFC6471F_type_traits     0043f011     Source.obj
 0006:00000012       __B0C4CEA9_malloc@h        0043f012     Source.obj
 0006:00000013       __69245D52_vcruntime_exception@h 0043f013     Source.obj
 0006:00000014       __536DB091_exception       0043f014     Source.obj
 0006:00000015       __86E03ACD_xutility        0043f015     Source.obj
 0006:00000016       __DB4EB944_xmemory         0043f016     Source.obj
 0006:00000017       __AF9D3FD8_xstring         0043f017     Source.obj
 0006:00000018       __7242C389_ctype@h         0043f018     Source.obj
 0006:00000019       __4C468533_string          0043f019     Source.obj
 0006:0000001a       __6A0B36D1_cmath           0043f01a     Source.obj
 0006:0000001b       __DA238ACC_stdexcept       0043f01b     Source.obj
 0006:0000001c       __65AE1ACD_xcall_once@h    0043f01c     Source.obj
 0006:0000001d       __DAF308ED_system_error    0043f01d     Source.obj
 0006:0000001e       __36900320_vcruntime_typeinfo@h 0043f01e     Source.obj
 0006:0000001f       __F63FC9D4_typeinfo        0043f01f     Source.obj
 0006:00000020       __389503AF_memory          0043f020     Source.obj
 0006:00000021       __14D054A0_xfacet          0043f021     Source.obj
 0006:00000022       __E9B62A1C_xlocinfo        0043f022     Source.obj
 0006:00000023       __70A34BE9_xlocale         0043f023     Source.obj
 0006:00000024       __D0535D0F_xiosbase        0043f024     Source.obj
 0006:00000025       __EE242DFE_xlocnum         0043f025     Source.obj
 0006:00000026       __D17CECDD_ios             0043f026     Source.obj
 0006:00000027       __E3036671_account@h       0043f027     Source.obj
 0006:00000028       __A271BF66_simple_account@h 0043f028     Source.obj
 0006:00000029       __C425D65E_bonus_account@h 0043f029     Source.obj
 0006:0000002a       __427A1E76_service_account@h 0043f02a     Source.obj
 0006:0000002b       __ED4937BA_balanced_account@h 0043f02b     Source.obj
 0006:0000002c       __F62BD4FE_fstream         0043f02c     Source.obj
 0006:0000002d       __CC282F90_tuple           0043f02d     Source.obj
 0006:0000002e       __6322CAD3_xtree           0043f02e     Source.obj
 0006:0000002f       __D563ADF9_manager@h       0043f02f     Source.obj
 0006:00000030       __BDBDEED8_Source@cpp      0043f030     Source.obj
 0006:00000031       __B1DBDA87_utility         0043f031     Source.obj
 0006:00000032       __D1FF3835_map             0043f032     Source.obj
 0006:00000033       __0063A417_istream         0043f033     Source.obj
 0006:00000034       __63B3912D_ostream         0043f034     Source.obj
 0006:00000035       __D8833270_streambuf       0043f035     Source.obj
 0006:00000036       __48D2DAA7_iosfwd          0043f036     Source.obj
 0006:00000037       __46C44D95_xstddef         0043f037     Source.obj
 0006:00000038       __59613C47_xatomic@h       0043f038     Source.obj
 0006:00000044       __6F70F95C_pch@h           0043f044     StaticLib:trim.obj
 0006:00000045       __59CEAA7D_StaticLib@pch   0043f045     StaticLib:trim.obj
 0006:00000046       __46C44D95_xstddef         0043f046     StaticLib:trim.obj
 0006:00000047       __B1DBDA87_utility         0043f047     StaticLib:trim.obj
 0006:00000048       __EAE5EE9D_trim@cpp        0043f048     StaticLib:trim.obj
 0006:00000049       __4C468533_string          0043f049     StaticLib:trim.obj
 0006:0000004a       __7242C389_ctype@h         0043f04a     StaticLib:trim.obj
 0006:0000004b       __AF9D3FD8_xstring         0043f04b     StaticLib:trim.obj
 0006:0000004c       __DB4EB944_xmemory         0043f04c     StaticLib:trim.obj
 0006:0000004d       __86E03ACD_xutility        0043f04d     StaticLib:trim.obj
 0006:0000004e       __536DB091_exception       0043f04e     StaticLib:trim.obj
 0006:0000004f       __69245D52_vcruntime_exception@h 0043f04f     StaticLib:trim.obj
 0006:00000050       __B0C4CEA9_malloc@h        0043f050     StaticLib:trim.obj
 0006:00000051       __FFC6471F_type_traits     0043f051     StaticLib:trim.obj
 0006:00000052       __843B0F21_limits          0043f052     StaticLib:trim.obj
 0006:00000053       __86D65F0C_cstdlib         0043f053     StaticLib:trim.obj
 0006:00000054       __24E9E95F_stdlib@h        0043f054     StaticLib:trim.obj
 0006:00000055       __09340588_corecrt_math@h  0043f055     StaticLib:trim.obj
 0006:00000056       __534C724A_wchar@h         0043f056     StaticLib:trim.obj
 0006:00000057       __186FF47F_stat@h          0043f057     StaticLib:trim.obj
 0006:00000058       __45F4AF76_corecrt_wtime@h 0043f058     StaticLib:trim.obj
 0006:00000059       __4442441F_corecrt_wio@h   0043f059     StaticLib:trim.obj
 0006:0000005a       __5467428D_corecrt_wconio@h 0043f05a     StaticLib:trim.obj
 0006:0000005b       __A29A7DFB_string@h        0043f05b     StaticLib:trim.obj
 0006:0000005c       __DC9673E3_corecrt_wstring@h 0043f05c     StaticLib:trim.obj
 0006:0000005d       __35D7DDB3_corecrt_memory@h 0043f05d     StaticLib:trim.obj
 0006:0000005e       __367CC694_corecrt_memcpy_s@h 0043f05e     StaticLib:trim.obj
 0006:0000005f       __AD6A91B7_stdio@h         0043f05f     StaticLib:trim.obj
 0006:00000060       __101834BA_corecrt_wstdio@h 0043f060     StaticLib:trim.obj
 0006:00000061       __F66CEB67_corecrt_stdio_config@h 0043f061     StaticLib:trim.obj
 0006:00000062       __0A074437_vcruntime_new@h 0043f062     StaticLib:trim.obj
 0006:00000069       __59CEAA7D_StaticLib@pch   0043f069     StaticLib:pch.obj
 0008:00000170       $R000000                   00441170     * linker generated manifest res *
